Processing n3g-test-s3-node-b (platform: espressif32; board: esp32-s3-devkitm-1; framework: arduino)
--------------------------------------------------------------------------------
Verbose mode can be enabled via `-v, --verbose` option
CONFIGURATION: https://docs.platformio.org/page/boards/espressif32/esp32-s3-devkitm-1.html
PLATFORM: Espressif 32 (7.0.1) > Espressif ESP32-S3-DevKitM-1
HARDWARE: ESP32S3 240MHz, 320KB RAM, 8MB Flash
DEBUG: Current (esp-builtin) On-board (esp-builtin) External (cmsis-dap, esp-bridge, esp-prog, iot-bus-jtag, jlink, minimodule, olimex-arm-usb-ocd, olimex-arm-usb-ocd-h, olimex-arm-usb-tiny-h, olimex-jtag-tiny, tumpa)
PACKAGES: 
 - framework-arduinoespressif32 @ 3.20017.241212+sha.dcc1105b 
 - tool-esptoolpy @ 2.41100.0 (4.11.0) 
 - tool-mkfatfs @ 2.0.1 
 - tool-mklittlefs @ 1.203.210628 (2.3) 
 - tool-mkspiffs @ 2.230.0 (2.30) 
 - toolchain-riscv32-esp @ 8.4.0+2021r2-patch5 
 - toolchain-xtensa-esp32s3 @ 8.4.0+2021r2-patch5
LDF: Library Dependency Finder -> https://bit.ly/configure-pio-ldf
LDF Modes: Finder ~ chain, Compatibility ~ soft
Found 48 compatible libraries
Scanning dependencies...
Dependency Graph
|-- LoRa @ 0.8.0
|-- Services
|-- IRadio
|-- Utils
|-- Node
|-- PacketFactory
|-- PacketQueue
|-- BoatProtocol
|-- Routing
|-- ReliableLink
|-- Forwarding
|-- HAL
|-- EventBus
|-- LoRaDriver
|-- Neighbor
Building in release mode
Retrieving maximum program size .pio/build/n3g-test-s3-node-b/firmware.elf
Checking size .pio/build/n3g-test-s3-node-b/firmware.elf
Advanced Memory Usage is available via "PlatformIO Home > Project Inspect"
RAM:   [=         ]   7.6% (used 24780 bytes from 327680 bytes)
Flash: [=         ]   9.9% (used 330201 bytes from 3342336 bytes)
Configuring upload protocol...
AVAILABLE: cmsis-dap, esp-bridge, esp-builtin, esp-prog, espota, esptool, iot-bus-jtag, jlink, minimodule, olimex-arm-usb-ocd, olimex-arm-usb-ocd-h, olimex-arm-usb-tiny-h, olimex-jtag-tiny, tumpa
CURRENT: upload_protocol = esptool
Looking for upload port...
Using manually specified: /dev/cu.usbmodem5B5E0268161
Uploading .pio/build/n3g-test-s3-node-b/firmware.bin
esptool.py v4.11.0
Serial port /dev/cu.usbmodem5B5E0268161
Connecting....
Chip is ESP32-S3 (QFN56) (revision v0.2)
Features: WiFi, BLE, Embedded PSRAM 8MB (AP_3v3)
Crystal is 40MHz
MAC: 44:1b:f6:d4:49:8c
Uploading stub...
Running stub...
Stub running...
Changing baud rate to 921600
Changed.
Configuring flash size...
Flash will be erased from 0x00000000 to 0x00003fff...
Flash will be erased from 0x00008000 to 0x00008fff...
Flash will be erased from 0x0000e000 to 0x0000ffff...
Flash will be erased from 0x00010000 to 0x00060fff...
SHA digest in image updated
Compressed 15104 bytes to 10430...
Writing at 0x00000000... (100 %)
Wrote 15104 bytes (10430 compressed) at 0x00000000 in 0.3 seconds (effective 363.9 kbit/s)...
Hash of data verified.
Compressed 3072 bytes to 146...
Writing at 0x00008000... (100 %)
Wrote 3072 bytes (146 compressed) at 0x00008000 in 0.1 seconds (effective 366.9 kbit/s)...
Hash of data verified.
Compressed 8192 bytes to 47...
Writing at 0x0000e000... (100 %)
Wrote 8192 bytes (47 compressed) at 0x0000e000 in 0.1 seconds (effective 584.9 kbit/s)...
Hash of data verified.
Compressed 330560 bytes to 189443...
Writing at 0x00010000... (8 %)
Writing at 0x0001b931... (16 %)
Writing at 0x000243fe... (25 %)
Writing at 0x00029ec0... (33 %)
Writing at 0x0002f2d9... (41 %)
Writing at 0x0003482e... (50 %)
Writing at 0x0003a144... (58 %)
Writing at 0x00040500... (66 %)
Writing at 0x000487a9... (75 %)
Writing at 0x0005180a... (83 %)
Writing at 0x00057d4b... (91 %)
Writing at 0x0005d48a... (100 %)
Wrote 330560 bytes (189443 compressed) at 0x00010000 in 2.8 seconds (effective 950.2 kbit/s)...
Hash of data verified.

Leaving...
Hard resetting via RTS pin...
========================= [SUCCESS] Took 7.83 seconds =========================

Environment         Status    Duration
------------------  --------  ------------
n3g-test-s3-node-b  SUCCESS   00:00:07.830
========================= 1 succeeded in 00:00:07.830 =========================
