[2026-09-02T18:54:06.907+00:00][B] ESP-ROM:esp32s3-20210327
[2026-09-02T18:54:06.915+00:00][B] Build:Mar 27 2021
[2026-09-02T18:54:06.921+00:00][B] rst:0x1 (POWERON),boot:0x8 (SPI_FAST_FLASH_BOOT)
[2026-09-02T18:54:06.921+00:00][B] SPIWP:0xee
[2026-09-02T18:54:06.921+00:00][B] mode:DIO, clock div:1
[2026-09-02T18:54:06.927+00:00][B] load:0x3fce3808,len:0x4bc
[2026-09-02T18:54:06.927+00:00][B] load:0x403c9700,len:0xbd8
[2026-09-02T18:54:06.927+00:00][B] load:0x403cc700,len:0x2a0c
[2026-09-02T18:54:06.928+00:00][B] entry 0x403c98d0
[2026-09-02T18:54:09.019+00:00][B] [INFO] ================================
[2026-09-02T18:54:09.023+00:00][B] [INFO] Jalari BoatNode Firmware
[2026-09-02T18:54:09.023+00:00][B] [INFO] 0.1.0
[2026-09-02T18:54:09.024+00:00][B] [INFO] ================================
[2026-09-02T18:54:09.035+00:00][B] [INFO] LoRa ready
[2026-09-02T18:54:09.102+00:00][B] [INFO] --------------------------------
[2026-09-02T18:54:09.103+00:00][B] [INFO] [HEARTBEAT TX]
[2026-09-02T18:54:09.108+00:00][B] [INFO] Node ID: 2
[2026-09-02T18:54:09.108+00:00][B] [INFO] type: 2
[2026-09-02T18:54:09.108+00:00][B] [INFO] Destination: 0xFF
[2026-09-02T18:54:09.113+00:00][B] [INFO] Sequence: 0
[2026-09-02T18:54:09.113+00:00][B] [INFO] Packet ID: 1
[2026-09-02T18:54:09.113+00:00][B] [INFO] Packet Size: 26
[2026-09-02T18:54:09.119+00:00][B] [INFO] Timestamp: 1 ms
[2026-09-02T18:54:09.119+00:00][B] [INFO] Transmission Result: success
[2026-09-02T18:54:09.124+00:00][B] [INFO] --------------------------------
[2026-09-02T18:54:09.124+00:00][B] [INFO] [Heartbeat #1]
[2026-09-02T18:54:09.130+00:00][B] [INFO] Sent
[2026-09-02T18:54:09.130+00:00][B] [INFO] Waiting ACK...
[2026-09-02T18:54:09.130+00:00][B] [INFO] [WAITING ACK]
[2026-09-02T18:54:09.141+00:00][B] [INFO] [RF TX] type=2 source=0x02 destination=0xFF previousHop=0x02 sequence=0 ackSequence=0 ttl=8 hops=0 payloadSize=13 rssi=0 snr=0.00
[2026-09-02T18:54:09.144+00:00][B] [INFO] Heartbeat packet sent
[2026-09-02T18:54:10.119+00:00][B] [WARN] Retry 1
[2026-09-02T18:54:10.186+00:00][B] [INFO] --------------------------------
[2026-09-02T18:54:10.186+00:00][B] [INFO] [HEARTBEAT TX]
[2026-09-02T18:54:10.191+00:00][B] [INFO] Node ID: 2
[2026-09-02T18:54:10.192+00:00][B] [INFO] type: 2
[2026-09-02T18:54:10.192+00:00][B] [INFO] Destination: 0xFF
[2026-09-02T18:54:10.197+00:00][B] [INFO] Sequence: 0
[2026-09-02T18:54:10.197+00:00][B] [INFO] Packet ID: 1
[2026-09-02T18:54:10.198+00:00][B] [INFO] Packet Size: 26
[2026-09-02T18:54:10.203+00:00][B] [INFO] Timestamp: 1 ms
[2026-09-02T18:54:10.203+00:00][B] [INFO] Transmission Result: success
[2026-09-02T18:54:10.208+00:00][B] [INFO] --------------------------------
[2026-09-02T18:54:10.208+00:00][B] [INFO] [Heartbeat #1]
[2026-09-02T18:54:10.213+00:00][B] [INFO] Sent
[2026-09-02T18:54:10.214+00:00][B] [INFO] Waiting ACK...
[2026-09-02T18:54:10.214+00:00][B] [INFO] [WAITING ACK]
[2026-09-02T18:54:10.225+00:00][B] [INFO] [RF TX] type=2 source=0x02 destination=0xFF previousHop=0x02 sequence=0 ackSequence=0 ttl=8 hops=0 payloadSize=13 rssi=0 snr=0.00
[2026-09-02T18:54:10.227+00:00][B] [INFO] Heartbeat packet sent
[2026-09-02T18:54:11.103+00:00][B] [INFO] --------------------------------
[2026-09-02T18:54:11.103+00:00][B] [INFO] [HEARTBEAT TX]
[2026-09-02T18:54:11.108+00:00][B] [INFO] Node ID: 2
[2026-09-02T18:54:11.108+00:00][B] [INFO] type: 2
[2026-09-02T18:54:11.108+00:00][B] [INFO] Destination: 0xFF
[2026-09-02T18:54:11.113+00:00][B] [INFO] Sequence: 1
[2026-09-02T18:54:11.113+00:00][B] [INFO] Packet ID: 2
[2026-09-02T18:54:11.114+00:00][B] [INFO] Packet Size: 26
[2026-09-02T18:54:11.119+00:00][B] [INFO] Timestamp: 2 ms
[2026-09-02T18:54:11.119+00:00][B] [INFO] Transmission Result: success
[2026-09-02T18:54:11.124+00:00][B] [INFO] --------------------------------
[2026-09-02T18:54:11.125+00:00][B] [INFO] [Heartbeat #2]
[2026-09-02T18:54:11.130+00:00][B] [INFO] Sent
[2026-09-02T18:54:11.131+00:00][B] [INFO] Waiting ACK...
[2026-09-02T18:54:11.131+00:00][B] [INFO] [WAITING ACK]
[2026-09-02T18:54:11.142+00:00][B] [INFO] [RF TX] type=2 source=0x02 destination=0xFF previousHop=0x02 sequence=1 ackSequence=0 ttl=8 hops=0 payloadSize=13 rssi=0 snr=0.00
[2026-09-02T18:54:11.144+00:00][B] [INFO] Heartbeat packet sent
[2026-09-02T18:54:12.119+00:00][B] [WARN] Retry 1
[2026-09-02T18:54:12.186+00:00][B] [INFO] --------------------------------
[2026-09-02T18:54:12.186+00:00][B] [INFO] [HEARTBEAT TX]
[2026-09-02T18:54:12.191+00:00][B] [INFO] Node ID: 2
[2026-09-02T18:54:12.191+00:00][B] [INFO] type: 2
[2026-09-02T18:54:12.191+00:00][B] [INFO] Destination: 0xFF
[2026-09-02T18:54:12.197+00:00][B] [INFO] Sequence: 1
[2026-09-02T18:54:12.197+00:00][B] [INFO] Packet ID: 2
[2026-09-02T18:54:12.197+00:00][B] [INFO] Packet Size: 26
[2026-09-02T18:54:12.202+00:00][B] [INFO] Timestamp: 2 ms
[2026-09-02T18:54:12.202+00:00][B] [INFO] Transmission Result: success
[2026-09-02T18:54:12.208+00:00][B] [INFO] --------------------------------
[2026-09-02T18:54:12.208+00:00][B] [INFO] [Heartbeat #2]
[2026-09-02T18:54:12.213+00:00][B] [INFO] Sent
[2026-09-02T18:54:12.214+00:00][B] [INFO] Waiting ACK...
[2026-09-02T18:54:12.214+00:00][B] [INFO] [WAITING ACK]
[2026-09-02T18:54:12.225+00:00][B] [INFO] [RF TX] type=2 source=0x02 destination=0xFF previousHop=0x02 sequence=1 ackSequence=0 ttl=8 hops=0 payloadSize=13 rssi=0 snr=0.00
[2026-09-02T18:54:12.227+00:00][B] [INFO] Heartbeat packet sent
[2026-09-02T18:54:13.103+00:00][B] [INFO] --------------------------------
[2026-09-02T18:54:13.103+00:00][B] [INFO] [HEARTBEAT TX]
[2026-09-02T18:54:13.108+00:00][B] [INFO] Node ID: 2
[2026-09-02T18:54:13.108+00:00][B] [INFO] type: 2
[2026-09-02T18:54:13.108+00:00][B] [INFO] Destination: 0xFF
[2026-09-02T18:54:13.113+00:00][B] [INFO] Sequence: 2
[2026-09-02T18:54:13.113+00:00][B] [INFO] Packet ID: 3
[2026-09-02T18:54:13.114+00:00][B] [INFO] Packet Size: 26
[2026-09-02T18:54:13.119+00:00][B] [INFO] Timestamp: 3 ms
[2026-09-02T18:54:13.119+00:00][B] [INFO] Transmission Result: success
[2026-09-02T18:54:13.124+00:00][B] [INFO] --------------------------------
[2026-09-02T18:54:13.125+00:00][B] [INFO] [Heartbeat #3]
[2026-09-02T18:54:13.129+00:00][B] [INFO] Sent
[2026-09-02T18:54:13.130+00:00][B] [INFO] Waiting ACK...
[2026-09-02T18:54:13.130+00:00][B] [INFO] [WAITING ACK]
[2026-09-02T18:54:13.141+00:00][B] [INFO] [RF TX] type=2 source=0x02 destination=0xFF previousHop=0x02 sequence=2 ackSequence=0 ttl=8 hops=0 payloadSize=13 rssi=0 snr=0.00
[2026-09-02T18:54:13.144+00:00][B] [INFO] Heartbeat packet sent
[2026-09-02T18:54:14.119+00:00][B] [WARN] Retry 1
[2026-09-02T18:54:14.186+00:00][B] [INFO] --------------------------------
[2026-09-02T18:54:14.187+00:00][B] [INFO] [HEARTBEAT TX]
[2026-09-02T18:54:14.191+00:00][B] [INFO] Node ID: 2
[2026-09-02T18:54:14.192+00:00][B] [INFO] type: 2
[2026-09-02T18:54:14.192+00:00][B] [INFO] Destination: 0xFF
[2026-09-02T18:54:14.197+00:00][B] [INFO] Sequence: 2
[2026-09-02T18:54:14.197+00:00][B] [INFO] Packet ID: 3
[2026-09-02T18:54:14.198+00:00][B] [INFO] Packet Size: 26
[2026-09-02T18:54:14.203+00:00][B] [INFO] Timestamp: 3 ms
[2026-09-02T18:54:14.203+00:00][B] [INFO] Transmission Result: success
[2026-09-02T18:54:14.208+00:00][B] [INFO] --------------------------------
[2026-09-02T18:54:14.208+00:00][B] [INFO] [Heartbeat #3]
[2026-09-02T18:54:14.214+00:00][B] [INFO] Sent
[2026-09-02T18:54:14.214+00:00][B] [INFO] Waiting ACK...
[2026-09-02T18:54:14.214+00:00][B] [INFO] [WAITING ACK]
[2026-09-02T18:54:14.225+00:00][B] [INFO] [RF TX] type=2 source=0x02 destination=0xFF previousHop=0x02 sequence=2 ackSequence=0 ttl=8 hops=0 payloadSize=13 rssi=0 snr=0.00
[2026-09-02T18:54:14.227+00:00][B] [INFO] Heartbeat packet sent
[2026-09-02T18:54:15.102+00:00][B] [INFO] --------------------------------
[2026-09-02T18:54:15.103+00:00][B] [INFO] [HEARTBEAT TX]
[2026-09-02T18:54:15.107+00:00][B] [INFO] Node ID: 2
[2026-09-02T18:54:15.108+00:00][B] [INFO] type: 2
[2026-09-02T18:54:15.108+00:00][B] [INFO] Destination: 0xFF
[2026-09-02T18:54:15.113+00:00][B] [INFO] Sequence: 3
[2026-09-02T18:54:15.113+00:00][B] [INFO] Packet ID: 4
[2026-09-02T18:54:15.114+00:00][B] [INFO] Packet Size: 26
[2026-09-02T18:54:15.119+00:00][B] [INFO] Timestamp: 4 ms
[2026-09-02T18:54:15.119+00:00][B] [INFO] Transmission Result: success
[2026-09-02T18:54:15.124+00:00][B] [INFO] --------------------------------
[2026-09-02T18:54:15.125+00:00][B] [INFO] [Heartbeat #4]
[2026-09-02T18:54:15.130+00:00][B] [INFO] Sent
[2026-09-02T18:54:15.130+00:00][B] [INFO] Waiting ACK...
[2026-09-02T18:54:15.130+00:00][B] [INFO] [WAITING ACK]
[2026-09-02T18:54:15.141+00:00][B] [INFO] [RF TX] type=2 source=0x02 destination=0xFF previousHop=0x02 sequence=3 ackSequence=0 ttl=8 hops=0 payloadSize=13 rssi=0 snr=0.00
[2026-09-02T18:54:15.144+00:00][B] [INFO] Heartbeat packet sent
[2026-09-02T18:54:16.119+00:00][B] [WARN] Retry 1
[2026-09-02T18:54:16.186+00:00][B] [INFO] --------------------------------
[2026-09-02T18:54:16.187+00:00][B] [INFO] [HEARTBEAT TX]
[2026-09-02T18:54:16.191+00:00][B] [INFO] Node ID: 2
[2026-09-02T18:54:16.192+00:00][B] [INFO] type: 2
[2026-09-02T18:54:16.192+00:00][B] [INFO] Destination: 0xFF
[2026-09-02T18:54:16.197+00:00][B] [INFO] Sequence: 3
[2026-09-02T18:54:16.197+00:00][B] [INFO] Packet ID: 4
[2026-09-02T18:54:16.198+00:00][B] [INFO] Packet Size: 26
[2026-09-02T18:54:16.203+00:00][B] [INFO] Timestamp: 4 ms
[2026-09-02T18:54:16.203+00:00][B] [INFO] Transmission Result: success
[2026-09-02T18:54:16.208+00:00][B] [INFO] --------------------------------
[2026-09-02T18:54:16.209+00:00][B] [INFO] [Heartbeat #4]
[2026-09-02T18:54:16.213+00:00][B] [INFO] Sent
[2026-09-02T18:54:16.214+00:00][B] [INFO] Waiting ACK...
[2026-09-02T18:54:16.214+00:00][B] [INFO] [WAITING ACK]
[2026-09-02T18:54:16.225+00:00][B] [INFO] [RF TX] type=2 source=0x02 destination=0xFF previousHop=0x02 sequence=3 ackSequence=0 ttl=8 hops=0 payloadSize=13 rssi=0 snr=0.00
[2026-09-02T18:54:16.228+00:00][B] [INFO] Heartbeat packet sent
[2026-09-02T18:54:17.102+00:00][B] [INFO] --------------------------------
[2026-09-02T18:54:17.103+00:00][B] [INFO] [HEARTBEAT TX]
[2026-09-02T18:54:17.107+00:00][B] [INFO] Node ID: 2
[2026-09-02T18:54:17.108+00:00][B] [INFO] type: 2
[2026-09-02T18:54:17.108+00:00][B] [INFO] Destination: 0xFF
[2026-09-02T18:54:17.113+00:00][B] [INFO] Sequence: 4
[2026-09-02T18:54:17.113+00:00][B] [INFO] Packet ID: 5
[2026-09-02T18:54:17.114+00:00][B] [INFO] Packet Size: 26
[2026-09-02T18:54:17.118+00:00][B] [INFO] Timestamp: 5 ms
[2026-09-02T18:54:17.119+00:00][B] [INFO] Transmission Result: success
[2026-09-02T18:54:17.124+00:00][B] [INFO] --------------------------------
[2026-09-02T18:54:17.125+00:00][B] [INFO] [Heartbeat #5]
[2026-09-02T18:54:17.129+00:00][B] [INFO] Sent
[2026-09-02T18:54:17.130+00:00][B] [INFO] Waiting ACK...
[2026-09-02T18:54:17.130+00:00][B] [INFO] [WAITING ACK]
[2026-09-02T18:54:17.141+00:00][B] [INFO] [RF TX] type=2 source=0x02 destination=0xFF previousHop=0x02 sequence=4 ackSequence=0 ttl=8 hops=0 payloadSize=13 rssi=0 snr=0.00
[2026-09-02T18:54:17.143+00:00][B] [INFO] Heartbeat packet sent
[2026-09-02T18:54:18.119+00:00][B] [WARN] Retry 1
[2026-09-02T18:54:18.186+00:00][B] [INFO] --------------------------------
[2026-09-02T18:54:18.186+00:00][B] [INFO] [HEARTBEAT TX]
[2026-09-02T18:54:18.191+00:00][B] [INFO] Node ID: 2
[2026-09-02T18:54:18.191+00:00][B] [INFO] type: 2
[2026-09-02T18:54:18.191+00:00][B] [INFO] Destination: 0xFF
[2026-09-02T18:54:18.197+00:00][B] [INFO] Sequence: 4
[2026-09-02T18:54:18.197+00:00][B] [INFO] Packet ID: 5
[2026-09-02T18:54:18.197+00:00][B] [INFO] Packet Size: 26
[2026-09-02T18:54:18.202+00:00][B] [INFO] Timestamp: 5 ms
[2026-09-02T18:54:18.203+00:00][B] [INFO] Transmission Result: success
[2026-09-02T18:54:18.208+00:00][B] [INFO] --------------------------------
[2026-09-02T18:54:18.208+00:00][B] [INFO] [Heartbeat #5]
[2026-09-02T18:54:18.213+00:00][B] [INFO] Sent
[2026-09-02T18:54:18.214+00:00][B] [INFO] Waiting ACK...
[2026-09-02T18:54:18.214+00:00][B] [INFO] [WAITING ACK]
[2026-09-02T18:54:18.225+00:00][B] [INFO] [RF TX] type=2 source=0x02 destination=0xFF previousHop=0x02 sequence=4 ackSequence=0 ttl=8 hops=0 payloadSize=13 rssi=0 snr=0.00
[2026-09-02T18:54:18.227+00:00][B] [INFO] Heartbeat packet sent
[2026-09-02T18:54:19.102+00:00][B] [INFO] --------------------------------
[2026-09-02T18:54:19.102+00:00][B] [INFO] [HEARTBEAT TX]
[2026-09-02T18:54:19.107+00:00][B] [INFO] Node ID: 2
[2026-09-02T18:54:19.107+00:00][B] [INFO] type: 2
[2026-09-02T18:54:19.108+00:00][B] [INFO] Destination: 0xFF
[2026-09-02T18:54:19.113+00:00][B] [INFO] Sequence: 5
[2026-09-02T18:54:19.113+00:00][B] [INFO] Packet ID: 6
[2026-09-02T18:54:19.113+00:00][B] [INFO] Packet Size: 26
[2026-09-02T18:54:19.118+00:00][B] [INFO] Timestamp: 6 ms
[2026-09-02T18:54:19.119+00:00][B] [INFO] Transmission Result: success
[2026-09-02T18:54:19.124+00:00][B] [INFO] --------------------------------
[2026-09-02T18:54:19.124+00:00][B] [INFO] [Heartbeat #6]
[2026-09-02T18:54:19.129+00:00][B] [INFO] Sent
[2026-09-02T18:54:19.129+00:00][B] [INFO] Waiting ACK...
[2026-09-02T18:54:19.130+00:00][B] [INFO] [WAITING ACK]
[2026-09-02T18:54:19.141+00:00][B] [INFO] [RF TX] type=2 source=0x02 destination=0xFF previousHop=0x02 sequence=5 ackSequence=0 ttl=8 hops=0 payloadSize=13 rssi=0 snr=0.00
[2026-09-02T18:54:19.143+00:00][B] [INFO] Heartbeat packet sent
[2026-09-02T18:54:20.121+00:00][B] [WARN] Retry 1
[2026-09-02T18:54:20.186+00:00][B] [INFO] --------------------------------
[2026-09-02T18:54:20.186+00:00][B] [INFO] [HEARTBEAT TX]
[2026-09-02T18:54:20.191+00:00][B] [INFO] Node ID: 2
[2026-09-02T18:54:20.191+00:00][B] [INFO] type: 2
[2026-09-02T18:54:20.191+00:00][B] [INFO] Destination: 0xFF
[2026-09-02T18:54:20.197+00:00][B] [INFO] Sequence: 5
[2026-09-02T18:54:20.197+00:00][B] [INFO] Packet ID: 6
[2026-09-02T18:54:20.197+00:00][B] [INFO] Packet Size: 26
[2026-09-02T18:54:20.202+00:00][B] [INFO] Timestamp: 6 ms
[2026-09-02T18:54:20.202+00:00][B] [INFO] Transmission Result: success
[2026-09-02T18:54:20.208+00:00][B] [INFO] --------------------------------
[2026-09-02T18:54:20.208+00:00][B] [INFO] [Heartbeat #6]
[2026-09-02T18:54:20.213+00:00][B] [INFO] Sent
[2026-09-02T18:54:20.213+00:00][B] [INFO] Waiting ACK...
[2026-09-02T18:54:20.213+00:00][B] [INFO] [WAITING ACK]
[2026-09-02T18:54:20.225+00:00][B] [INFO] [RF TX] type=2 source=0x02 destination=0xFF previousHop=0x02 sequence=5 ackSequence=0 ttl=8 hops=0 payloadSize=13 rssi=0 snr=0.00
[2026-09-02T18:54:20.227+00:00][B] [INFO] Heartbeat packet sent
[2026-09-02T18:54:21.102+00:00][B] [INFO] --------------------------------
[2026-09-02T18:54:21.102+00:00][B] [INFO] [HEARTBEAT TX]
[2026-09-02T18:54:21.107+00:00][B] [INFO] Node ID: 2
[2026-09-02T18:54:21.108+00:00][B] [INFO] type: 2
[2026-09-02T18:54:21.108+00:00][B] [INFO] Destination: 0xFF
[2026-09-02T18:54:21.113+00:00][B] [INFO] Sequence: 6
[2026-09-02T18:54:21.113+00:00][B] [INFO] Packet ID: 7
[2026-09-02T18:54:21.113+00:00][B] [INFO] Packet Size: 26
[2026-09-02T18:54:21.118+00:00][B] [INFO] Timestamp: 7 ms
[2026-09-02T18:54:21.119+00:00][B] [INFO] Transmission Result: success
[2026-09-02T18:54:21.124+00:00][B] [INFO] --------------------------------
[2026-09-02T18:54:21.124+00:00][B] [INFO] [Heartbeat #7]
[2026-09-02T18:54:21.129+00:00][B] [INFO] Sent
[2026-09-02T18:54:21.130+00:00][B] [INFO] Waiting ACK...
[2026-09-02T18:54:21.130+00:00][B] [INFO] [WAITING ACK]
[2026-09-02T18:54:21.144+00:00][B] [INFO] [RF TX] type=2 source=0x02 destination=0xFF previousHop=0x02 sequence=6 ackSequence=0 ttl=8 hops=0 payloadSize=13 rssi=0 snr=0.00
[2026-09-02T18:54:21.145+00:00][B] [INFO] Heartbeat packet sent
[2026-09-02T18:54:22.119+00:00][B] [WARN] Retry 1
[2026-09-02T18:54:22.186+00:00][B] [INFO] --------------------------------
[2026-09-02T18:54:22.186+00:00][B] [INFO] [HEARTBEAT TX]
[2026-09-02T18:54:22.191+00:00][B] [INFO] Node ID: 2
[2026-09-02T18:54:22.191+00:00][B] [INFO] type: 2
[2026-09-02T18:54:22.191+00:00][B] [INFO] Destination: 0xFF
[2026-09-02T18:54:22.197+00:00][B] [INFO] Sequence: 6
[2026-09-02T18:54:22.197+00:00][B] [INFO] Packet ID: 7
[2026-09-02T18:54:22.197+00:00][B] [INFO] Packet Size: 26
[2026-09-02T18:54:22.202+00:00][B] [INFO] Timestamp: 7 ms
[2026-09-02T18:54:22.202+00:00][B] [INFO] Transmission Result: success
[2026-09-02T18:54:22.208+00:00][B] [INFO] --------------------------------
[2026-09-02T18:54:22.208+00:00][B] [INFO] [Heartbeat #7]
[2026-09-02T18:54:22.213+00:00][B] [INFO] Sent
[2026-09-02T18:54:22.214+00:00][B] [INFO] Waiting ACK...
[2026-09-02T18:54:22.214+00:00][B] [INFO] [WAITING ACK]
[2026-09-02T18:54:22.225+00:00][B] [INFO] [RF TX] type=2 source=0x02 destination=0xFF previousHop=0x02 sequence=6 ackSequence=0 ttl=8 hops=0 payloadSize=13 rssi=0 snr=0.00
[2026-09-02T18:54:22.227+00:00][B] [INFO] Heartbeat packet sent
[2026-09-02T18:54:23.102+00:00][B] [INFO] --------------------------------
[2026-09-02T18:54:23.103+00:00][B] [INFO] [HEARTBEAT TX]
[2026-09-02T18:54:23.107+00:00][B] [INFO] Node ID: 2
[2026-09-02T18:54:23.108+00:00][B] [INFO] type: 2
[2026-09-02T18:54:23.108+00:00][B] [INFO] Destination: 0xFF
[2026-09-02T18:54:23.113+00:00][B] [INFO] Sequence: 7
[2026-09-02T18:54:23.113+00:00][B] [INFO] Packet ID: 8
[2026-09-02T18:54:23.113+00:00][B] [INFO] Packet Size: 26
[2026-09-02T18:54:23.118+00:00][B] [INFO] Timestamp: 8 ms
[2026-09-02T18:54:23.119+00:00][B] [INFO] Transmission Result: success
[2026-09-02T18:54:23.124+00:00][B] [INFO] --------------------------------
[2026-09-02T18:54:23.124+00:00][B] [INFO] [Heartbeat #8]
[2026-09-02T18:54:23.129+00:00][B] [INFO] Sent
[2026-09-02T18:54:23.130+00:00][B] [INFO] Waiting ACK...
[2026-09-02T18:54:23.130+00:00][B] [INFO] [WAITING ACK]
[2026-09-02T18:54:23.141+00:00][B] [INFO] [RF TX] type=2 source=0x02 destination=0xFF previousHop=0x02 sequence=7 ackSequence=0 ttl=8 hops=0 payloadSize=13 rssi=0 snr=0.00
[2026-09-02T18:54:23.143+00:00][B] [INFO] Heartbeat packet sent
[2026-09-02T18:54:24.119+00:00][B] [WARN] Retry 1
[2026-09-02T18:54:24.186+00:00][B] [INFO] --------------------------------
[2026-09-02T18:54:24.186+00:00][B] [INFO] [HEARTBEAT TX]
[2026-09-02T18:54:24.191+00:00][B] [INFO] Node ID: 2
[2026-09-02T18:54:24.192+00:00][B] [INFO] type: 2
[2026-09-02T18:54:24.192+00:00][B] [INFO] Destination: 0xFF
[2026-09-02T18:54:24.197+00:00][B] [INFO] Sequence: 7
[2026-09-02T18:54:24.197+00:00][B] [INFO] Packet ID: 8
[2026-09-02T18:54:24.197+00:00][B] [INFO] Packet Size: 26
[2026-09-02T18:54:24.202+00:00][B] [INFO] Timestamp: 8 ms
[2026-09-02T18:54:24.203+00:00][B] [INFO] Transmission Result: success
[2026-09-02T18:54:24.208+00:00][B] [INFO] --------------------------------
[2026-09-02T18:54:24.208+00:00][B] [INFO] [Heartbeat #8]
[2026-09-02T18:54:24.213+00:00][B] [INFO] Sent
[2026-09-02T18:54:24.214+00:00][B] [INFO] Waiting ACK...
[2026-09-02T18:54:24.214+00:00][B] [INFO] [WAITING ACK]
[2026-09-02T18:54:24.225+00:00][B] [INFO] [RF TX] type=2 source=0x02 destination=0xFF previousHop=0x02 sequence=7 ackSequence=0 ttl=8 hops=0 payloadSize=13 rssi=0 snr=0.00
[2026-09-02T18:54:24.227+00:00][B] [INFO] Heartbeat packet sent
[2026-09-02T18:54:25.102+00:00][B] [INFO] --------------------------------
[2026-09-02T18:54:25.103+00:00][B] [INFO] [HEARTBEAT TX]
[2026-09-02T18:54:25.107+00:00][B] [INFO] Node ID: 2
[2026-09-02T18:54:25.107+00:00][B] [INFO] type: 2
[2026-09-02T18:54:25.115+00:00][B] [INFO] Destination: 0xFF
[2026-09-02T18:54:25.116+00:00][B] [INFO] Sequence: 8
[2026-09-02T18:54:25.117+00:00][B] [INFO] Packet ID: 9
[2026-09-02T18:54:25.117+00:00][B] [INFO] Packet Size: 26
[2026-09-02T18:54:25.118+00:00][B] [INFO] Timestamp: 9 ms
[2026-09-02T18:54:25.118+00:00][B] [INFO] Transmission Result: success
[2026-09-02T18:54:25.124+00:00][B] [INFO] --------------------------------
[2026-09-02T18:54:25.124+00:00][B] [INFO] [Heartbeat #9]
[2026-09-02T18:54:25.129+00:00][B] [INFO] Sent
[2026-09-02T18:54:25.129+00:00][B] [INFO] Waiting ACK...
[2026-09-02T18:54:25.130+00:00][B] [INFO] [WAITING ACK]
[2026-09-02T18:54:25.141+00:00][B] [INFO] [RF TX] type=2 source=0x02 destination=0xFF previousHop=0x02 sequence=8 ackSequence=0 ttl=8 hops=0 payloadSize=13 rssi=0 snr=0.00
[2026-09-02T18:54:25.143+00:00][B] [INFO] Heartbeat packet sent
[2026-09-02T18:54:26.119+00:00][B] [WARN] Retry 1
[2026-09-02T18:54:26.186+00:00][B] [INFO] --------------------------------
[2026-09-02T18:54:26.187+00:00][B] [INFO] [HEARTBEAT TX]
[2026-09-02T18:54:26.191+00:00][B] [INFO] Node ID: 2
[2026-09-02T18:54:26.191+00:00][B] [INFO] type: 2
[2026-09-02T18:54:26.191+00:00][B] [INFO] Destination: 0xFF
[2026-09-02T18:54:26.197+00:00][B] [INFO] Sequence: 8
[2026-09-02T18:54:26.197+00:00][B] [INFO] Packet ID: 9
[2026-09-02T18:54:26.197+00:00][B] [INFO] Packet Size: 26
[2026-09-02T18:54:26.202+00:00][B] [INFO] Timestamp: 9 ms
[2026-09-02T18:54:26.202+00:00][B] [INFO] Transmission Result: success
[2026-09-02T18:54:26.208+00:00][B] [INFO] --------------------------------
[2026-09-02T18:54:26.208+00:00][B] [INFO] [Heartbeat #9]
[2026-09-02T18:54:26.213+00:00][B] [INFO] Sent
[2026-09-02T18:54:26.213+00:00][B] [INFO] Waiting ACK...
[2026-09-02T18:54:26.214+00:00][B] [INFO] [WAITING ACK]
[2026-09-02T18:54:26.228+00:00][B] [INFO] [RF TX] type=2 source=0x02 destination=0xFF previousHop=0x02 sequence=8 ackSequence=0 ttl=8 hops=0 payloadSize=13 rssi=0 snr=0.00
[2026-09-02T18:54:26.229+00:00][B] [INFO] Heartbeat packet sent
[2026-09-02T18:54:27.102+00:00][B] [INFO] --------------------------------
[2026-09-02T18:54:27.102+00:00][B] [INFO] [HEARTBEAT TX]
[2026-09-02T18:54:27.107+00:00][B] [INFO] Node ID: 2
[2026-09-02T18:54:27.107+00:00][B] [INFO] type: 2
[2026-09-02T18:54:27.108+00:00][B] [INFO] Destination: 0xFF
[2026-09-02T18:54:27.113+00:00][B] [INFO] Sequence: 9
[2026-09-02T18:54:27.113+00:00][B] [INFO] Packet ID: 10
[2026-09-02T18:54:27.113+00:00][B] [INFO] Packet Size: 26
[2026-09-02T18:54:27.118+00:00][B] [INFO] Timestamp: 10 ms
[2026-09-02T18:54:27.118+00:00][B] [INFO] Transmission Result: success
[2026-09-02T18:54:27.124+00:00][B] [INFO] --------------------------------
[2026-09-02T18:54:27.124+00:00][B] [INFO] [Heartbeat #10]
[2026-09-02T18:54:27.129+00:00][B] [INFO] Sent
[2026-09-02T18:54:27.129+00:00][B] [INFO] Waiting ACK...
[2026-09-02T18:54:27.129+00:00][B] [INFO] [WAITING ACK]
[2026-09-02T18:54:27.143+00:00][B] [INFO] [RF TX] type=2 source=0x02 destination=0xFF previousHop=0x02 sequence=9 ackSequence=0 ttl=8 hops=0 payloadSize=13 rssi=0 snr=0.00
[2026-09-02T18:54:27.143+00:00][B] [INFO] Heartbeat packet sent
[2026-09-02T18:54:28.119+00:00][B] [WARN] Retry 1
[2026-09-02T18:54:28.186+00:00][B] [INFO] --------------------------------
[2026-09-02T18:54:28.186+00:00][B] [INFO] [HEARTBEAT TX]
[2026-09-02T18:54:28.191+00:00][B] [INFO] Node ID: 2
[2026-09-02T18:54:28.191+00:00][B] [INFO] type: 2
[2026-09-02T18:54:28.191+00:00][B] [INFO] Destination: 0xFF
[2026-09-02T18:54:28.197+00:00][B] [INFO] Sequence: 9
[2026-09-02T18:54:28.197+00:00][B] [INFO] Packet ID: 10
[2026-09-02T18:54:28.197+00:00][B] [INFO] Packet Size: 26
[2026-09-02T18:54:28.202+00:00][B] [INFO] Timestamp: 10 ms
[2026-09-02T18:54:28.203+00:00][B] [INFO] Transmission Result: success
[2026-09-02T18:54:28.209+00:00][B] [INFO] --------------------------------
[2026-09-02T18:54:28.213+00:00][B] [INFO] [Heartbeat #10]
[2026-09-02T18:54:28.214+00:00][B] [INFO] Sent
[2026-09-02T18:54:28.214+00:00][B] [INFO] Waiting ACK...
[2026-09-02T18:54:28.215+00:00][B] [INFO] [WAITING ACK]
[2026-09-02T18:54:28.227+00:00][B] [INFO] [RF TX] type=2 source=0x02 destination=0xFF previousHop=0x02 sequence=9 ackSequence=0 ttl=8 hops=0 payloadSize=13 rssi=0 snr=0.00
[2026-09-02T18:54:28.227+00:00][B] [INFO] Heartbeat packet sent
[2026-09-02T18:54:29.102+00:00][B] [INFO] --------------------------------
[2026-09-02T18:54:29.102+00:00][B] [INFO] [HEARTBEAT TX]
[2026-09-02T18:54:29.107+00:00][B] [INFO] Node ID: 2
[2026-09-02T18:54:29.107+00:00][B] [INFO] type: 2
[2026-09-02T18:54:29.108+00:00][B] [INFO] Destination: 0xFF
[2026-09-02T18:54:29.113+00:00][B] [INFO] Sequence: 10
[2026-09-02T18:54:29.113+00:00][B] [INFO] Packet ID: 11
[2026-09-02T18:54:29.113+00:00][B] [INFO] Packet Size: 26
[2026-09-02T18:54:29.118+00:00][B] [INFO] Timestamp: 11 ms
[2026-09-02T18:54:29.118+00:00][B] [INFO] Transmission Result: success
[2026-09-02T18:54:29.124+00:00][B] [INFO] --------------------------------
[2026-09-02T18:54:29.124+00:00][B] [INFO] [Heartbeat #11]
[2026-09-02T18:54:29.129+00:00][B] [INFO] Sent
[2026-09-02T18:54:29.129+00:00][B] [INFO] Waiting ACK...
[2026-09-02T18:54:29.130+00:00][B] [INFO] [WAITING ACK]
[2026-09-02T18:54:29.143+00:00][B] [INFO] [RF TX] type=2 source=0x02 destination=0xFF previousHop=0x02 sequence=10 ackSequence=0 ttl=8 hops=0 payloadSize=13 rssi=0 snr=0.00
[2026-09-02T18:54:29.144+00:00][B] [INFO] Heartbeat packet sent
[2026-09-02T18:54:30.119+00:00][B] [WARN] Retry 1
[2026-09-02T18:54:30.186+00:00][B] [INFO] --------------------------------
[2026-09-02T18:54:30.186+00:00][B] [INFO] [HEARTBEAT TX]
[2026-09-02T18:54:30.191+00:00][B] [INFO] Node ID: 2
[2026-09-02T18:54:30.191+00:00][B] [INFO] type: 2
[2026-09-02T18:54:30.192+00:00][B] [INFO] Destination: 0xFF
[2026-09-02T18:54:30.196+00:00][B] [INFO] Sequence: 10
[2026-09-02T18:54:30.197+00:00][B] [INFO] Packet ID: 11
[2026-09-02T18:54:30.197+00:00][B] [INFO] Packet Size: 26
[2026-09-02T18:54:30.202+00:00][B] [INFO] Timestamp: 11 ms
[2026-09-02T18:54:30.202+00:00][B] [INFO] Transmission Result: success
[2026-09-02T18:54:30.208+00:00][B] [INFO] --------------------------------
[2026-09-02T18:54:30.208+00:00][B] [INFO] [Heartbeat #11]
[2026-09-02T18:54:30.213+00:00][B] [INFO] Sent
[2026-09-02T18:54:30.213+00:00][B] [INFO] Waiting ACK...
[2026-09-02T18:54:30.214+00:00][B] [INFO] [WAITING ACK]
[2026-09-02T18:54:30.227+00:00][B] [INFO] [RF TX] type=2 source=0x02 destination=0xFF previousHop=0x02 sequence=10 ackSequence=0 ttl=8 hops=0 payloadSize=13 rssi=0 snr=0.00
[2026-09-02T18:54:30.228+00:00][B] [INFO] Heartbeat packet sent
[2026-09-02T18:54:31.102+00:00][B] [INFO] --------------------------------
[2026-09-02T18:54:31.102+00:00][B] [INFO] [HEARTBEAT TX]
[2026-09-02T18:54:31.107+00:00][B] [INFO] Node ID: 2
[2026-09-02T18:54:31.107+00:00][B] [INFO] type: 2
[2026-09-02T18:54:31.108+00:00][B] [INFO] Destination: 0xFF
[2026-09-02T18:54:31.113+00:00][B] [INFO] Sequence: 11
[2026-09-02T18:54:31.113+00:00][B] [INFO] Packet ID: 12
[2026-09-02T18:54:31.113+00:00][B] [INFO] Packet Size: 26
[2026-09-02T18:54:31.118+00:00][B] [INFO] Timestamp: 12 ms
[2026-09-02T18:54:31.119+00:00][B] [INFO] Transmission Result: success
[2026-09-02T18:54:31.124+00:00][B] [INFO] --------------------------------
[2026-09-02T18:54:31.124+00:00][B] [INFO] [Heartbeat #12]
[2026-09-02T18:54:31.129+00:00][B] [INFO] Sent
[2026-09-02T18:54:31.130+00:00][B] [INFO] Waiting ACK...
[2026-09-02T18:54:31.130+00:00][B] [INFO] [WAITING ACK]
[2026-09-02T18:54:31.143+00:00][B] [INFO] [RF TX] type=2 source=0x02 destination=0xFF previousHop=0x02 sequence=11 ackSequence=0 ttl=8 hops=0 payloadSize=13 rssi=0 snr=0.00
[2026-09-02T18:54:31.145+00:00][B] [INFO] Heartbeat packet sent
[2026-09-02T18:54:32.119+00:00][B] [WARN] Retry 1
[2026-09-02T18:54:32.186+00:00][B] [INFO] --------------------------------
[2026-09-02T18:54:32.186+00:00][B] [INFO] [HEARTBEAT TX]
[2026-09-02T18:54:32.191+00:00][B] [INFO] Node ID: 2
[2026-09-02T18:54:32.191+00:00][B] [INFO] type: 2
[2026-09-02T18:54:32.192+00:00][B] [INFO] Destination: 0xFF
[2026-09-02T18:54:32.196+00:00][B] [INFO] Sequence: 11
[2026-09-02T18:54:32.197+00:00][B] [INFO] Packet ID: 12
[2026-09-02T18:54:32.197+00:00][B] [INFO] Packet Size: 26
[2026-09-02T18:54:32.202+00:00][B] [INFO] Timestamp: 12 ms
[2026-09-02T18:54:32.202+00:00][B] [INFO] Transmission Result: success
[2026-09-02T18:54:32.208+00:00][B] [INFO] --------------------------------
[2026-09-02T18:54:32.208+00:00][B] [INFO] [Heartbeat #12]
[2026-09-02T18:54:32.213+00:00][B] [INFO] Sent
[2026-09-02T18:54:32.213+00:00][B] [INFO] Waiting ACK...
[2026-09-02T18:54:32.213+00:00][B] [INFO] [WAITING ACK]
[2026-09-02T18:54:32.227+00:00][B] [INFO] [RF TX] type=2 source=0x02 destination=0xFF previousHop=0x02 sequence=11 ackSequence=0 ttl=8 hops=0 payloadSize=13 rssi=0 snr=0.00
[2026-09-02T18:54:32.228+00:00][B] [INFO] Heartbeat packet sent
[2026-09-02T18:54:33.101+00:00][B] [INFO] --------------------------------
[2026-09-02T18:54:33.102+00:00][B] [INFO] [HEARTBEAT TX]
[2026-09-02T18:54:33.107+00:00][B] [INFO] Node ID: 2
[2026-09-02T18:54:33.107+00:00][B] [INFO] type: 2
[2026-09-02T18:54:33.107+00:00][B] [INFO] Destination: 0xFF
[2026-09-02T18:54:33.112+00:00][B] [INFO] Sequence: 12
[2026-09-02T18:54:33.113+00:00][B] [INFO] Packet ID: 13
[2026-09-02T18:54:33.113+00:00][B] [INFO] Packet Size: 26
[2026-09-02T18:54:33.118+00:00][B] [INFO] Timestamp: 13 ms
[2026-09-02T18:54:33.118+00:00][B] [INFO] Transmission Result: success
[2026-09-02T18:54:33.124+00:00][B] [INFO] --------------------------------
[2026-09-02T18:54:33.124+00:00][B] [INFO] [Heartbeat #13]
[2026-09-02T18:54:33.129+00:00][B] [INFO] Sent
[2026-09-02T18:54:33.129+00:00][B] [INFO] Waiting ACK...
[2026-09-02T18:54:33.129+00:00][B] [INFO] [WAITING ACK]
[2026-09-02T18:54:33.143+00:00][B] [INFO] [RF TX] type=2 source=0x02 destination=0xFF previousHop=0x02 sequence=12 ackSequence=0 ttl=8 hops=0 payloadSize=13 rssi=0 snr=0.00
[2026-09-02T18:54:33.143+00:00][B] [INFO] Heartbeat packet sent
[2026-09-02T18:54:34.119+00:00][B] [WARN] Retry 1
[2026-09-02T18:54:34.186+00:00][B] [INFO] --------------------------------
[2026-09-02T18:54:34.186+00:00][B] [INFO] [HEARTBEAT TX]
[2026-09-02T18:54:34.191+00:00][B] [INFO] Node ID: 2
[2026-09-02T18:54:34.191+00:00][B] [INFO] type: 2
[2026-09-02T18:54:34.191+00:00][B] [INFO] Destination: 0xFF
[2026-09-02T18:54:34.196+00:00][B] [INFO] Sequence: 12
[2026-09-02T18:54:34.197+00:00][B] [INFO] Packet ID: 13
[2026-09-02T18:54:34.197+00:00][B] [INFO] Packet Size: 26
[2026-09-02T18:54:34.202+00:00][B] [INFO] Timestamp: 13 ms
[2026-09-02T18:54:34.202+00:00][B] [INFO] Transmission Result: success
[2026-09-02T18:54:34.208+00:00][B] [INFO] --------------------------------
[2026-09-02T18:54:34.208+00:00][B] [INFO] [Heartbeat #13]
[2026-09-02T18:54:34.213+00:00][B] [INFO] Sent
[2026-09-02T18:54:34.213+00:00][B] [INFO] Waiting ACK...
[2026-09-02T18:54:34.214+00:00][B] [INFO] [WAITING ACK]
[2026-09-02T18:54:34.227+00:00][B] [INFO] [RF TX] type=2 source=0x02 destination=0xFF previousHop=0x02 sequence=12 ackSequence=0 ttl=8 hops=0 payloadSize=13 rssi=0 snr=0.00
[2026-09-02T18:54:34.227+00:00][B] [INFO] Heartbeat packet sent
[2026-09-02T18:54:35.101+00:00][B] [INFO] --------------------------------
[2026-09-02T18:54:35.102+00:00][B] [INFO] [HEARTBEAT TX]
[2026-09-02T18:54:35.107+00:00][B] [INFO] Node ID: 2
[2026-09-02T18:54:35.107+00:00][B] [INFO] type: 2
[2026-09-02T18:54:35.107+00:00][B] [INFO] Destination: 0xFF
[2026-09-02T18:54:35.112+00:00][B] [INFO] Sequence: 13
[2026-09-02T18:54:35.112+00:00][B] [INFO] Packet ID: 14
[2026-09-02T18:54:35.113+00:00][B] [INFO] Packet Size: 26
[2026-09-02T18:54:35.118+00:00][B] [INFO] Timestamp: 14 ms
[2026-09-02T18:54:35.118+00:00][B] [INFO] Transmission Result: success
[2026-09-02T18:54:35.123+00:00][B] [INFO] --------------------------------
[2026-09-02T18:54:35.124+00:00][B] [INFO] [Heartbeat #14]
[2026-09-02T18:54:35.129+00:00][B] [INFO] Sent
[2026-09-02T18:54:35.129+00:00][B] [INFO] Waiting ACK...
[2026-09-02T18:54:35.130+00:00][B] [INFO] [WAITING ACK]
[2026-09-02T18:54:35.143+00:00][B] [INFO] [RF TX] type=2 source=0x02 destination=0xFF previousHop=0x02 sequence=13 ackSequence=0 ttl=8 hops=0 payloadSize=13 rssi=0 snr=0.00
[2026-09-02T18:54:35.144+00:00][B] [INFO] Heartbeat packet sent
[2026-09-02T18:54:36.118+00:00][B] [WARN] Retry 1
[2026-09-02T18:54:36.186+00:00][B] [INFO] --------------------------------
[2026-09-02T18:54:36.186+00:00][B] [INFO] [HEARTBEAT TX]
[2026-09-02T18:54:36.191+00:00][B] [INFO] Node ID: 2
[2026-09-02T18:54:36.191+00:00][B] [INFO] type: 2
[2026-09-02T18:54:36.191+00:00][B] [INFO] Destination: 0xFF
[2026-09-02T18:54:36.197+00:00][B] [INFO] Sequence: 13
[2026-09-02T18:54:36.197+00:00][B] [INFO] Packet ID: 14
[2026-09-02T18:54:36.198+00:00][B] [INFO] Packet Size: 26
[2026-09-02T18:54:36.205+00:00][B] [INFO] Timestamp: 14 ms
[2026-09-02T18:54:36.205+00:00][B] [INFO] Transmission Result: success
[2026-09-02T18:54:36.208+00:00][B] [INFO] --------------------------------
[2026-09-02T18:54:36.208+00:00][B] [INFO] [Heartbeat #14]
[2026-09-02T18:54:36.213+00:00][B] [INFO] Sent
[2026-09-02T18:54:36.214+00:00][B] [INFO] Waiting ACK...
[2026-09-02T18:54:36.214+00:00][B] [INFO] [WAITING ACK]
[2026-09-02T18:54:36.227+00:00][B] [INFO] [RF TX] type=2 source=0x02 destination=0xFF previousHop=0x02 sequence=13 ackSequence=0 ttl=8 hops=0 payloadSize=13 rssi=0 snr=0.00
[2026-09-02T18:54:36.227+00:00][B] [INFO] Heartbeat packet sent
