[2026-09-02T18:54:06.915+00:00][A] ESP-ROM:esp32s3-20210327
[2026-09-02T18:54:06.924+00:00][A] Build:Mar 27 2021
[2026-09-02T18:54:06.929+00:00][A] rst:0x1 (POWERON),boot:0x8 (SPI_FAST_FLASH_BOOT)
[2026-09-02T18:54:06.929+00:00][A] SPIWP:0xee
[2026-09-02T18:54:06.929+00:00][A] mode:DIO, clock div:1
[2026-09-02T18:54:06.935+00:00][A] load:0x3fce3808,len:0x4bc
[2026-09-02T18:54:06.935+00:00][A] load:0x403c9700,len:0xbd8
[2026-09-02T18:54:06.935+00:00][A] load:0x403cc700,len:0x2a0c
[2026-09-02T18:54:06.936+00:00][A] entry 0x403c98d0
[2026-09-02T18:54:09.027+00:00][A] [INFO] ================================
[2026-09-02T18:54:09.033+00:00][A] [INFO] Jalari BoatNode Firmware
[2026-09-02T18:54:09.033+00:00][A] [INFO] 0.1.0
[2026-09-02T18:54:09.033+00:00][A] [INFO] ================================
[2026-09-02T18:54:09.045+00:00][A] [INFO] LoRa ready
[2026-09-02T18:54:09.112+00:00][A] [INFO] --------------------------------
[2026-09-02T18:54:09.112+00:00][A] [INFO] [HEARTBEAT TX]
[2026-09-02T18:54:09.117+00:00][A] [INFO] Node ID: 1
[2026-09-02T18:54:09.117+00:00][A] [INFO] type: 2
[2026-09-02T18:54:09.117+00:00][A] [INFO] Destination: 0xFF
[2026-09-02T18:54:09.123+00:00][A] [INFO] Sequence: 0
[2026-09-02T18:54:09.123+00:00][A] [INFO] Packet ID: 1
[2026-09-02T18:54:09.123+00:00][A] [INFO] Packet Size: 26
[2026-09-02T18:54:09.128+00:00][A] [INFO] Timestamp: 1 ms
[2026-09-02T18:54:09.128+00:00][A] [INFO] Transmission Result: success
[2026-09-02T18:54:09.134+00:00][A] [INFO] --------------------------------
[2026-09-02T18:54:09.134+00:00][A] [INFO] [Heartbeat #1]
[2026-09-02T18:54:09.139+00:00][A] [INFO] Sent
[2026-09-02T18:54:09.139+00:00][A] [INFO] Waiting ACK...
[2026-09-02T18:54:09.140+00:00][A] [INFO] [WAITING ACK]
[2026-09-02T18:54:09.151+00:00][A] [INFO] [RF TX] type=2 source=0x01 destination=0xFF previousHop=0x01 sequence=0 ackSequence=0 ttl=8 hops=0 payloadSize=13 rssi=0 snr=0.00
[2026-09-02T18:54:09.153+00:00][A] [INFO] Heartbeat packet sent
[2026-09-02T18:54:10.129+00:00][A] [WARN] Retry 1
[2026-09-02T18:54:10.196+00:00][A] [INFO] --------------------------------
[2026-09-02T18:54:10.196+00:00][A] [INFO] [HEARTBEAT TX]
[2026-09-02T18:54:10.202+00:00][A] [INFO] Node ID: 1
[2026-09-02T18:54:10.202+00:00][A] [INFO] type: 2
[2026-09-02T18:54:10.202+00:00][A] [INFO] Destination: 0xFF
[2026-09-02T18:54:10.206+00:00][A] [INFO] Sequence: 0
[2026-09-02T18:54:10.207+00:00][A] [INFO] Packet ID: 1
[2026-09-02T18:54:10.207+00:00][A] [INFO] Packet Size: 26
[2026-09-02T18:54:10.212+00:00][A] [INFO] Timestamp: 1 ms
[2026-09-02T18:54:10.212+00:00][A] [INFO] Transmission Result: success
[2026-09-02T18:54:10.217+00:00][A] [INFO] --------------------------------
[2026-09-02T18:54:10.218+00:00][A] [INFO] [Heartbeat #1]
[2026-09-02T18:54:10.223+00:00][A] [INFO] Sent
[2026-09-02T18:54:10.223+00:00][A] [INFO] Waiting ACK...
[2026-09-02T18:54:10.223+00:00][A] [INFO] [WAITING ACK]
[2026-09-02T18:54:10.235+00:00][A] [INFO] [RF TX] type=2 source=0x01 destination=0xFF previousHop=0x01 sequence=0 ackSequence=0 ttl=8 hops=0 payloadSize=13 rssi=0 snr=0.00
[2026-09-02T18:54:10.237+00:00][A] [INFO] Heartbeat packet sent
[2026-09-02T18:54:11.112+00:00][A] [INFO] --------------------------------
[2026-09-02T18:54:11.112+00:00][A] [INFO] [HEARTBEAT TX]
[2026-09-02T18:54:11.117+00:00][A] [INFO] Node ID: 1
[2026-09-02T18:54:11.117+00:00][A] [INFO] type: 2
[2026-09-02T18:54:11.117+00:00][A] [INFO] Destination: 0xFF
[2026-09-02T18:54:11.122+00:00][A] [INFO] Sequence: 1
[2026-09-02T18:54:11.123+00:00][A] [INFO] Packet ID: 2
[2026-09-02T18:54:11.123+00:00][A] [INFO] Packet Size: 26
[2026-09-02T18:54:11.128+00:00][A] [INFO] Timestamp: 2 ms
[2026-09-02T18:54:11.129+00:00][A] [INFO] Transmission Result: success
[2026-09-02T18:54:11.133+00:00][A] [INFO] --------------------------------
[2026-09-02T18:54:11.134+00:00][A] [INFO] [Heartbeat #2]
[2026-09-02T18:54:11.139+00:00][A] [INFO] Sent
[2026-09-02T18:54:11.139+00:00][A] [INFO] Waiting ACK...
[2026-09-02T18:54:11.140+00:00][A] [INFO] [WAITING ACK]
[2026-09-02T18:54:11.151+00:00][A] [INFO] [RF TX] type=2 source=0x01 destination=0xFF previousHop=0x01 sequence=1 ackSequence=0 ttl=8 hops=0 payloadSize=13 rssi=0 snr=0.00
[2026-09-02T18:54:11.153+00:00][A] [INFO] Heartbeat packet sent
[2026-09-02T18:54:12.128+00:00][A] [WARN] Retry 1
[2026-09-02T18:54:12.195+00:00][A] [INFO] --------------------------------
[2026-09-02T18:54:12.195+00:00][A] [INFO] [HEARTBEAT TX]
[2026-09-02T18:54:12.201+00:00][A] [INFO] Node ID: 1
[2026-09-02T18:54:12.201+00:00][A] [INFO] type: 2
[2026-09-02T18:54:12.201+00:00][A] [INFO] Destination: 0xFF
[2026-09-02T18:54:12.206+00:00][A] [INFO] Sequence: 1
[2026-09-02T18:54:12.206+00:00][A] [INFO] Packet ID: 2
[2026-09-02T18:54:12.206+00:00][A] [INFO] Packet Size: 26
[2026-09-02T18:54:12.212+00:00][A] [INFO] Timestamp: 2 ms
[2026-09-02T18:54:12.212+00:00][A] [INFO] Transmission Result: success
[2026-09-02T18:54:12.217+00:00][A] [INFO] --------------------------------
[2026-09-02T18:54:12.218+00:00][A] [INFO] [Heartbeat #2]
[2026-09-02T18:54:12.223+00:00][A] [INFO] Sent
[2026-09-02T18:54:12.223+00:00][A] [INFO] Waiting ACK...
[2026-09-02T18:54:12.223+00:00][A] [INFO] [WAITING ACK]
[2026-09-02T18:54:12.234+00:00][A] [INFO] [RF TX] type=2 source=0x01 destination=0xFF previousHop=0x01 sequence=1 ackSequence=0 ttl=8 hops=0 payloadSize=13 rssi=0 snr=0.00
[2026-09-02T18:54:12.237+00:00][A] [INFO] Heartbeat packet sent
[2026-09-02T18:54:13.112+00:00][A] [INFO] --------------------------------
[2026-09-02T18:54:13.112+00:00][A] [INFO] [HEARTBEAT TX]
[2026-09-02T18:54:13.117+00:00][A] [INFO] Node ID: 1
[2026-09-02T18:54:13.117+00:00][A] [INFO] type: 2
[2026-09-02T18:54:13.117+00:00][A] [INFO] Destination: 0xFF
[2026-09-02T18:54:13.122+00:00][A] [INFO] Sequence: 2
[2026-09-02T18:54:13.123+00:00][A] [INFO] Packet ID: 3
[2026-09-02T18:54:13.123+00:00][A] [INFO] Packet Size: 26
[2026-09-02T18:54:13.128+00:00][A] [INFO] Timestamp: 3 ms
[2026-09-02T18:54:13.128+00:00][A] [INFO] Transmission Result: success
[2026-09-02T18:54:13.133+00:00][A] [INFO] --------------------------------
[2026-09-02T18:54:13.133+00:00][A] [INFO] [Heartbeat #3]
[2026-09-02T18:54:13.139+00:00][A] [INFO] Sent
[2026-09-02T18:54:13.139+00:00][A] [INFO] Waiting ACK...
[2026-09-02T18:54:13.140+00:00][A] [INFO] [WAITING ACK]
[2026-09-02T18:54:13.151+00:00][A] [INFO] [RF TX] type=2 source=0x01 destination=0xFF previousHop=0x01 sequence=2 ackSequence=0 ttl=8 hops=0 payloadSize=13 rssi=0 snr=0.00
[2026-09-02T18:54:13.153+00:00][A] [INFO] Heartbeat packet sent
[2026-09-02T18:54:14.129+00:00][A] [WARN] Retry 1
[2026-09-02T18:54:14.196+00:00][A] [INFO] --------------------------------
[2026-09-02T18:54:14.196+00:00][A] [INFO] [HEARTBEAT TX]
[2026-09-02T18:54:14.201+00:00][A] [INFO] Node ID: 1
[2026-09-02T18:54:14.201+00:00][A] [INFO] type: 2
[2026-09-02T18:54:14.202+00:00][A] [INFO] Destination: 0xFF
[2026-09-02T18:54:14.206+00:00][A] [INFO] Sequence: 2
[2026-09-02T18:54:14.207+00:00][A] [INFO] Packet ID: 3
[2026-09-02T18:54:14.207+00:00][A] [INFO] Packet Size: 26
[2026-09-02T18:54:14.212+00:00][A] [INFO] Timestamp: 3 ms
[2026-09-02T18:54:14.212+00:00][A] [INFO] Transmission Result: success
[2026-09-02T18:54:14.218+00:00][A] [INFO] --------------------------------
[2026-09-02T18:54:14.218+00:00][A] [INFO] [Heartbeat #3]
[2026-09-02T18:54:14.223+00:00][A] [INFO] Sent
[2026-09-02T18:54:14.223+00:00][A] [INFO] Waiting ACK...
[2026-09-02T18:54:14.224+00:00][A] [INFO] [WAITING ACK]
[2026-09-02T18:54:14.235+00:00][A] [INFO] [RF TX] type=2 source=0x01 destination=0xFF previousHop=0x01 sequence=2 ackSequence=0 ttl=8 hops=0 payloadSize=13 rssi=0 snr=0.00
[2026-09-02T18:54:14.237+00:00][A] [INFO] Heartbeat packet sent
[2026-09-02T18:54:15.112+00:00][A] [INFO] --------------------------------
[2026-09-02T18:54:15.112+00:00][A] [INFO] [HEARTBEAT TX]
[2026-09-02T18:54:15.117+00:00][A] [INFO] Node ID: 1
[2026-09-02T18:54:15.117+00:00][A] [INFO] type: 2
[2026-09-02T18:54:15.118+00:00][A] [INFO] Destination: 0xFF
[2026-09-02T18:54:15.122+00:00][A] [INFO] Sequence: 3
[2026-09-02T18:54:15.123+00:00][A] [INFO] Packet ID: 4
[2026-09-02T18:54:15.123+00:00][A] [INFO] Packet Size: 26
[2026-09-02T18:54:15.128+00:00][A] [INFO] Timestamp: 4 ms
[2026-09-02T18:54:15.129+00:00][A] [INFO] Transmission Result: success
[2026-09-02T18:54:15.134+00:00][A] [INFO] --------------------------------
[2026-09-02T18:54:15.134+00:00][A] [INFO] [Heartbeat #4]
[2026-09-02T18:54:15.139+00:00][A] [INFO] Sent
[2026-09-02T18:54:15.139+00:00][A] [INFO] Waiting ACK...
[2026-09-02T18:54:15.140+00:00][A] [INFO] [WAITING ACK]
[2026-09-02T18:54:15.151+00:00][A] [INFO] [RF TX] type=2 source=0x01 destination=0xFF previousHop=0x01 sequence=3 ackSequence=0 ttl=8 hops=0 payloadSize=13 rssi=0 snr=0.00
[2026-09-02T18:54:15.153+00:00][A] [INFO] Heartbeat packet sent
[2026-09-02T18:54:16.129+00:00][A] [WARN] Retry 1
[2026-09-02T18:54:16.196+00:00][A] [INFO] --------------------------------
[2026-09-02T18:54:16.196+00:00][A] [INFO] [HEARTBEAT TX]
[2026-09-02T18:54:16.201+00:00][A] [INFO] Node ID: 1
[2026-09-02T18:54:16.201+00:00][A] [INFO] type: 2
[2026-09-02T18:54:16.201+00:00][A] [INFO] Destination: 0xFF
[2026-09-02T18:54:16.206+00:00][A] [INFO] Sequence: 3
[2026-09-02T18:54:16.207+00:00][A] [INFO] Packet ID: 4
[2026-09-02T18:54:16.207+00:00][A] [INFO] Packet Size: 26
[2026-09-02T18:54:16.212+00:00][A] [INFO] Timestamp: 4 ms
[2026-09-02T18:54:16.212+00:00][A] [INFO] Transmission Result: success
[2026-09-02T18:54:16.218+00:00][A] [INFO] --------------------------------
[2026-09-02T18:54:16.218+00:00][A] [INFO] [Heartbeat #4]
[2026-09-02T18:54:16.223+00:00][A] [INFO] Sent
[2026-09-02T18:54:16.223+00:00][A] [INFO] Waiting ACK...
[2026-09-02T18:54:16.224+00:00][A] [INFO] [WAITING ACK]
[2026-09-02T18:54:16.234+00:00][A] [INFO] [RF TX] type=2 source=0x01 destination=0xFF previousHop=0x01 sequence=3 ackSequence=0 ttl=8 hops=0 payloadSize=13 rssi=0 snr=0.00
[2026-09-02T18:54:16.237+00:00][A] [INFO] Heartbeat packet sent
[2026-09-02T18:54:17.112+00:00][A] [INFO] --------------------------------
[2026-09-02T18:54:17.112+00:00][A] [INFO] [HEARTBEAT TX]
[2026-09-02T18:54:17.117+00:00][A] [INFO] Node ID: 1
[2026-09-02T18:54:17.117+00:00][A] [INFO] type: 2
[2026-09-02T18:54:17.117+00:00][A] [INFO] Destination: 0xFF
[2026-09-02T18:54:17.122+00:00][A] [INFO] Sequence: 4
[2026-09-02T18:54:17.123+00:00][A] [INFO] Packet ID: 5
[2026-09-02T18:54:17.123+00:00][A] [INFO] Packet Size: 26
[2026-09-02T18:54:17.128+00:00][A] [INFO] Timestamp: 5 ms
[2026-09-02T18:54:17.129+00:00][A] [INFO] Transmission Result: success
[2026-09-02T18:54:17.134+00:00][A] [INFO] --------------------------------
[2026-09-02T18:54:17.134+00:00][A] [INFO] [Heartbeat #5]
[2026-09-02T18:54:17.139+00:00][A] [INFO] Sent
[2026-09-02T18:54:17.139+00:00][A] [INFO] Waiting ACK...
[2026-09-02T18:54:17.139+00:00][A] [INFO] [WAITING ACK]
[2026-09-02T18:54:17.151+00:00][A] [INFO] [RF TX] type=2 source=0x01 destination=0xFF previousHop=0x01 sequence=4 ackSequence=0 ttl=8 hops=0 payloadSize=13 rssi=0 snr=0.00
[2026-09-02T18:54:17.153+00:00][A] [INFO] Heartbeat packet sent
[2026-09-02T18:54:18.128+00:00][A] [WARN] Retry 1
[2026-09-02T18:54:18.195+00:00][A] [INFO] --------------------------------
[2026-09-02T18:54:18.196+00:00][A] [INFO] [HEARTBEAT TX]
[2026-09-02T18:54:18.201+00:00][A] [INFO] Node ID: 1
[2026-09-02T18:54:18.201+00:00][A] [INFO] type: 2
[2026-09-02T18:54:18.201+00:00][A] [INFO] Destination: 0xFF
[2026-09-02T18:54:18.206+00:00][A] [INFO] Sequence: 4
[2026-09-02T18:54:18.206+00:00][A] [INFO] Packet ID: 5
[2026-09-02T18:54:18.207+00:00][A] [INFO] Packet Size: 26
[2026-09-02T18:54:18.212+00:00][A] [INFO] Timestamp: 5 ms
[2026-09-02T18:54:18.212+00:00][A] [INFO] Transmission Result: success
[2026-09-02T18:54:18.217+00:00][A] [INFO] --------------------------------
[2026-09-02T18:54:18.218+00:00][A] [INFO] [Heartbeat #5]
[2026-09-02T18:54:18.223+00:00][A] [INFO] Sent
[2026-09-02T18:54:18.223+00:00][A] [INFO] Waiting ACK...
[2026-09-02T18:54:18.223+00:00][A] [INFO] [WAITING ACK]
[2026-09-02T18:54:18.234+00:00][A] [INFO] [RF TX] type=2 source=0x01 destination=0xFF previousHop=0x01 sequence=4 ackSequence=0 ttl=8 hops=0 payloadSize=13 rssi=0 snr=0.00
[2026-09-02T18:54:18.236+00:00][A] [INFO] Heartbeat packet sent
[2026-09-02T18:54:19.111+00:00][A] [INFO] --------------------------------
[2026-09-02T18:54:19.112+00:00][A] [INFO] [HEARTBEAT TX]
[2026-09-02T18:54:19.117+00:00][A] [INFO] Node ID: 1
[2026-09-02T18:54:19.117+00:00][A] [INFO] type: 2
[2026-09-02T18:54:19.117+00:00][A] [INFO] Destination: 0xFF
[2026-09-02T18:54:19.122+00:00][A] [INFO] Sequence: 5
[2026-09-02T18:54:19.122+00:00][A] [INFO] Packet ID: 6
[2026-09-02T18:54:19.122+00:00][A] [INFO] Packet Size: 26
[2026-09-02T18:54:19.128+00:00][A] [INFO] Timestamp: 6 ms
[2026-09-02T18:54:19.128+00:00][A] [INFO] Transmission Result: success
[2026-09-02T18:54:19.133+00:00][A] [INFO] --------------------------------
[2026-09-02T18:54:19.133+00:00][A] [INFO] [Heartbeat #6]
[2026-09-02T18:54:19.139+00:00][A] [INFO] Sent
[2026-09-02T18:54:19.139+00:00][A] [INFO] Waiting ACK...
[2026-09-02T18:54:19.139+00:00][A] [INFO] [WAITING ACK]
[2026-09-02T18:54:19.150+00:00][A] [INFO] [RF TX] type=2 source=0x01 destination=0xFF previousHop=0x01 sequence=5 ackSequence=0 ttl=8 hops=0 payloadSize=13 rssi=0 snr=0.00
[2026-09-02T18:54:19.153+00:00][A] [INFO] Heartbeat packet sent
[2026-09-02T18:54:20.128+00:00][A] [WARN] Retry 1
[2026-09-02T18:54:20.195+00:00][A] [INFO] --------------------------------
[2026-09-02T18:54:20.196+00:00][A] [INFO] [HEARTBEAT TX]
[2026-09-02T18:54:20.201+00:00][A] [INFO] Node ID: 1
[2026-09-02T18:54:20.201+00:00][A] [INFO] type: 2
[2026-09-02T18:54:20.201+00:00][A] [INFO] Destination: 0xFF
[2026-09-02T18:54:20.206+00:00][A] [INFO] Sequence: 5
[2026-09-02T18:54:20.207+00:00][A] [INFO] Packet ID: 6
[2026-09-02T18:54:20.207+00:00][A] [INFO] Packet Size: 26
[2026-09-02T18:54:20.212+00:00][A] [INFO] Timestamp: 6 ms
[2026-09-02T18:54:20.212+00:00][A] [INFO] Transmission Result: success
[2026-09-02T18:54:20.217+00:00][A] [INFO] --------------------------------
[2026-09-02T18:54:20.218+00:00][A] [INFO] [Heartbeat #6]
[2026-09-02T18:54:20.223+00:00][A] [INFO] Sent
[2026-09-02T18:54:20.223+00:00][A] [INFO] Waiting ACK...
[2026-09-02T18:54:20.223+00:00][A] [INFO] [WAITING ACK]
[2026-09-02T18:54:20.235+00:00][A] [INFO] [RF TX] type=2 source=0x01 destination=0xFF previousHop=0x01 sequence=5 ackSequence=0 ttl=8 hops=0 payloadSize=13 rssi=0 snr=0.00
[2026-09-02T18:54:20.237+00:00][A] [INFO] Heartbeat packet sent
[2026-09-02T18:54:21.111+00:00][A] [INFO] --------------------------------
[2026-09-02T18:54:21.112+00:00][A] [INFO] [HEARTBEAT TX]
[2026-09-02T18:54:21.117+00:00][A] [INFO] Node ID: 1
[2026-09-02T18:54:21.117+00:00][A] [INFO] type: 2
[2026-09-02T18:54:21.117+00:00][A] [INFO] Destination: 0xFF
[2026-09-02T18:54:21.122+00:00][A] [INFO] Sequence: 6
[2026-09-02T18:54:21.122+00:00][A] [INFO] Packet ID: 7
[2026-09-02T18:54:21.122+00:00][A] [INFO] Packet Size: 26
[2026-09-02T18:54:21.128+00:00][A] [INFO] Timestamp: 7 ms
[2026-09-02T18:54:21.128+00:00][A] [INFO] Transmission Result: success
[2026-09-02T18:54:21.133+00:00][A] [INFO] --------------------------------
[2026-09-02T18:54:21.133+00:00][A] [INFO] [Heartbeat #7]
[2026-09-02T18:54:21.139+00:00][A] [INFO] Sent
[2026-09-02T18:54:21.140+00:00][A] [INFO] Waiting ACK...
[2026-09-02T18:54:21.141+00:00][A] [INFO] [WAITING ACK]
[2026-09-02T18:54:21.150+00:00][A] [INFO] [RF TX] type=2 source=0x01 destination=0xFF previousHop=0x01 sequence=6 ackSequence=0 ttl=8 hops=0 payloadSize=13 rssi=0 snr=0.00
[2026-09-02T18:54:21.153+00:00][A] [INFO] Heartbeat packet sent
[2026-09-02T18:54:22.128+00:00][A] [WARN] Retry 1
[2026-09-02T18:54:22.195+00:00][A] [INFO] --------------------------------
[2026-09-02T18:54:22.196+00:00][A] [INFO] [HEARTBEAT TX]
[2026-09-02T18:54:22.200+00:00][A] [INFO] Node ID: 1
[2026-09-02T18:54:22.200+00:00][A] [INFO] type: 2
[2026-09-02T18:54:22.201+00:00][A] [INFO] Destination: 0xFF
[2026-09-02T18:54:22.206+00:00][A] [INFO] Sequence: 6
[2026-09-02T18:54:22.206+00:00][A] [INFO] Packet ID: 7
[2026-09-02T18:54:22.206+00:00][A] [INFO] Packet Size: 26
[2026-09-02T18:54:22.212+00:00][A] [INFO] Timestamp: 7 ms
[2026-09-02T18:54:22.212+00:00][A] [INFO] Transmission Result: success
[2026-09-02T18:54:22.217+00:00][A] [INFO] --------------------------------
[2026-09-02T18:54:22.218+00:00][A] [INFO] [Heartbeat #7]
[2026-09-02T18:54:22.223+00:00][A] [INFO] Sent
[2026-09-02T18:54:22.223+00:00][A] [INFO] Waiting ACK...
[2026-09-02T18:54:22.223+00:00][A] [INFO] [WAITING ACK]
[2026-09-02T18:54:22.234+00:00][A] [INFO] [RF TX] type=2 source=0x01 destination=0xFF previousHop=0x01 sequence=6 ackSequence=0 ttl=8 hops=0 payloadSize=13 rssi=0 snr=0.00
[2026-09-02T18:54:22.237+00:00][A] [INFO] Heartbeat packet sent
[2026-09-02T18:54:23.112+00:00][A] [INFO] --------------------------------
[2026-09-02T18:54:23.112+00:00][A] [INFO] [HEARTBEAT TX]
[2026-09-02T18:54:23.117+00:00][A] [INFO] Node ID: 1
[2026-09-02T18:54:23.117+00:00][A] [INFO] type: 2
[2026-09-02T18:54:23.117+00:00][A] [INFO] Destination: 0xFF
[2026-09-02T18:54:23.122+00:00][A] [INFO] Sequence: 7
[2026-09-02T18:54:23.122+00:00][A] [INFO] Packet ID: 8
[2026-09-02T18:54:23.123+00:00][A] [INFO] Packet Size: 26
[2026-09-02T18:54:23.128+00:00][A] [INFO] Timestamp: 8 ms
[2026-09-02T18:54:23.128+00:00][A] [INFO] Transmission Result: success
[2026-09-02T18:54:23.134+00:00][A] [INFO] --------------------------------
[2026-09-02T18:54:23.134+00:00][A] [INFO] [Heartbeat #8]
[2026-09-02T18:54:23.139+00:00][A] [INFO] Sent
[2026-09-02T18:54:23.139+00:00][A] [INFO] Waiting ACK...
[2026-09-02T18:54:23.139+00:00][A] [INFO] [WAITING ACK]
[2026-09-02T18:54:23.150+00:00][A] [INFO] [RF TX] type=2 source=0x01 destination=0xFF previousHop=0x01 sequence=7 ackSequence=0 ttl=8 hops=0 payloadSize=13 rssi=0 snr=0.00
[2026-09-02T18:54:23.153+00:00][A] [INFO] Heartbeat packet sent
[2026-09-02T18:54:24.128+00:00][A] [WARN] Retry 1
[2026-09-02T18:54:24.195+00:00][A] [INFO] --------------------------------
[2026-09-02T18:54:24.196+00:00][A] [INFO] [HEARTBEAT TX]
[2026-09-02T18:54:24.201+00:00][A] [INFO] Node ID: 1
[2026-09-02T18:54:24.201+00:00][A] [INFO] type: 2
[2026-09-02T18:54:24.201+00:00][A] [INFO] Destination: 0xFF
[2026-09-02T18:54:24.206+00:00][A] [INFO] Sequence: 7
[2026-09-02T18:54:24.207+00:00][A] [INFO] Packet ID: 8
[2026-09-02T18:54:24.207+00:00][A] [INFO] Packet Size: 26
[2026-09-02T18:54:24.212+00:00][A] [INFO] Timestamp: 8 ms
[2026-09-02T18:54:24.212+00:00][A] [INFO] Transmission Result: success
[2026-09-02T18:54:24.217+00:00][A] [INFO] --------------------------------
[2026-09-02T18:54:24.218+00:00][A] [INFO] [Heartbeat #8]
[2026-09-02T18:54:24.223+00:00][A] [INFO] Sent
[2026-09-02T18:54:24.223+00:00][A] [INFO] Waiting ACK...
[2026-09-02T18:54:24.223+00:00][A] [INFO] [WAITING ACK]
[2026-09-02T18:54:24.235+00:00][A] [INFO] [RF TX] type=2 source=0x01 destination=0xFF previousHop=0x01 sequence=7 ackSequence=0 ttl=8 hops=0 payloadSize=13 rssi=0 snr=0.00
[2026-09-02T18:54:24.237+00:00][A] [INFO] Heartbeat packet sent
[2026-09-02T18:54:25.116+00:00][A] [INFO] --------------------------------
[2026-09-02T18:54:25.116+00:00][A] [INFO] [HEARTBEAT TX]
[2026-09-02T18:54:25.117+00:00][A] [INFO] Node ID: 1
[2026-09-02T18:54:25.118+00:00][A] [INFO] type: 2
[2026-09-02T18:54:25.118+00:00][A] [INFO] Destination: 0xFF
[2026-09-02T18:54:25.122+00:00][A] [INFO] Sequence: 8
[2026-09-02T18:54:25.122+00:00][A] [INFO] Packet ID: 9
[2026-09-02T18:54:25.122+00:00][A] [INFO] Packet Size: 26
[2026-09-02T18:54:25.128+00:00][A] [INFO] Timestamp: 9 ms
[2026-09-02T18:54:25.128+00:00][A] [INFO] Transmission Result: success
[2026-09-02T18:54:25.133+00:00][A] [INFO] --------------------------------
[2026-09-02T18:54:25.134+00:00][A] [INFO] [Heartbeat #9]
[2026-09-02T18:54:25.139+00:00][A] [INFO] Sent
[2026-09-02T18:54:25.139+00:00][A] [INFO] Waiting ACK...
[2026-09-02T18:54:25.139+00:00][A] [INFO] [WAITING ACK]
[2026-09-02T18:54:25.150+00:00][A] [INFO] [RF TX] type=2 source=0x01 destination=0xFF previousHop=0x01 sequence=8 ackSequence=0 ttl=8 hops=0 payloadSize=13 rssi=0 snr=0.00
[2026-09-02T18:54:25.153+00:00][A] [INFO] Heartbeat packet sent
[2026-09-02T18:54:26.128+00:00][A] [WARN] Retry 1
[2026-09-02T18:54:26.195+00:00][A] [INFO] --------------------------------
[2026-09-02T18:54:26.195+00:00][A] [INFO] [HEARTBEAT TX]
[2026-09-02T18:54:26.200+00:00][A] [INFO] Node ID: 1
[2026-09-02T18:54:26.201+00:00][A] [INFO] type: 2
[2026-09-02T18:54:26.201+00:00][A] [INFO] Destination: 0xFF
[2026-09-02T18:54:26.206+00:00][A] [INFO] Sequence: 8
[2026-09-02T18:54:26.206+00:00][A] [INFO] Packet ID: 9
[2026-09-02T18:54:26.207+00:00][A] [INFO] Packet Size: 26
[2026-09-02T18:54:26.212+00:00][A] [INFO] Timestamp: 9 ms
[2026-09-02T18:54:26.212+00:00][A] [INFO] Transmission Result: success
[2026-09-02T18:54:26.217+00:00][A] [INFO] --------------------------------
[2026-09-02T18:54:26.218+00:00][A] [INFO] [Heartbeat #9]
[2026-09-02T18:54:26.223+00:00][A] [INFO] Sent
[2026-09-02T18:54:26.223+00:00][A] [INFO] Waiting ACK...
[2026-09-02T18:54:26.223+00:00][A] [INFO] [WAITING ACK]
[2026-09-02T18:54:26.234+00:00][A] [INFO] [RF TX] type=2 source=0x01 destination=0xFF previousHop=0x01 sequence=8 ackSequence=0 ttl=8 hops=0 payloadSize=13 rssi=0 snr=0.00
[2026-09-02T18:54:26.236+00:00][A] [INFO] Heartbeat packet sent
[2026-09-02T18:54:27.111+00:00][A] [INFO] --------------------------------
[2026-09-02T18:54:27.111+00:00][A] [INFO] [HEARTBEAT TX]
[2026-09-02T18:54:27.116+00:00][A] [INFO] Node ID: 1
[2026-09-02T18:54:27.117+00:00][A] [INFO] type: 2
[2026-09-02T18:54:27.117+00:00][A] [INFO] Destination: 0xFF
[2026-09-02T18:54:27.122+00:00][A] [INFO] Sequence: 9
[2026-09-02T18:54:27.122+00:00][A] [INFO] Packet ID: 10
[2026-09-02T18:54:27.123+00:00][A] [INFO] Packet Size: 26
[2026-09-02T18:54:27.127+00:00][A] [INFO] Timestamp: 10 ms
[2026-09-02T18:54:27.128+00:00][A] [INFO] Transmission Result: success
[2026-09-02T18:54:27.133+00:00][A] [INFO] --------------------------------
[2026-09-02T18:54:27.134+00:00][A] [INFO] [Heartbeat #10]
[2026-09-02T18:54:27.138+00:00][A] [INFO] Sent
[2026-09-02T18:54:27.139+00:00][A] [INFO] Waiting ACK...
[2026-09-02T18:54:27.139+00:00][A] [INFO] [WAITING ACK]
[2026-09-02T18:54:27.152+00:00][A] [INFO] [RF TX] type=2 source=0x01 destination=0xFF previousHop=0x01 sequence=9 ackSequence=0 ttl=8 hops=0 payloadSize=13 rssi=0 snr=0.00
[2026-09-02T18:54:27.153+00:00][A] [INFO] Heartbeat packet sent
[2026-09-02T18:54:28.128+00:00][A] [WARN] Retry 1
[2026-09-02T18:54:28.195+00:00][A] [INFO] --------------------------------
[2026-09-02T18:54:28.195+00:00][A] [INFO] [HEARTBEAT TX]
[2026-09-02T18:54:28.201+00:00][A] [INFO] Node ID: 1
[2026-09-02T18:54:28.201+00:00][A] [INFO] type: 2
[2026-09-02T18:54:28.201+00:00][A] [INFO] Destination: 0xFF
[2026-09-02T18:54:28.206+00:00][A] [INFO] Sequence: 9
[2026-09-02T18:54:28.206+00:00][A] [INFO] Packet ID: 10
[2026-09-02T18:54:28.207+00:00][A] [INFO] Packet Size: 26
[2026-09-02T18:54:28.213+00:00][A] [INFO] Timestamp: 10 ms
[2026-09-02T18:54:28.215+00:00][A] [INFO] Transmission Result: success
[2026-09-02T18:54:28.217+00:00][A] [INFO] --------------------------------
[2026-09-02T18:54:28.218+00:00][A] [INFO] [Heartbeat #10]
[2026-09-02T18:54:28.223+00:00][A] [INFO] Sent
[2026-09-02T18:54:28.223+00:00][A] [INFO] Waiting ACK...
[2026-09-02T18:54:28.223+00:00][A] [INFO] [WAITING ACK]
[2026-09-02T18:54:28.236+00:00][A] [INFO] [RF TX] type=2 source=0x01 destination=0xFF previousHop=0x01 sequence=9 ackSequence=0 ttl=8 hops=0 payloadSize=13 rssi=0 snr=0.00
[2026-09-02T18:54:28.237+00:00][A] [INFO] Heartbeat packet sent
[2026-09-02T18:54:29.111+00:00][A] [INFO] --------------------------------
[2026-09-02T18:54:29.112+00:00][A] [INFO] [HEARTBEAT TX]
[2026-09-02T18:54:29.116+00:00][A] [INFO] Node ID: 1
[2026-09-02T18:54:29.117+00:00][A] [INFO] type: 2
[2026-09-02T18:54:29.117+00:00][A] [INFO] Destination: 0xFF
[2026-09-02T18:54:29.122+00:00][A] [INFO] Sequence: 10
[2026-09-02T18:54:29.122+00:00][A] [INFO] Packet ID: 11
[2026-09-02T18:54:29.122+00:00][A] [INFO] Packet Size: 26
[2026-09-02T18:54:29.128+00:00][A] [INFO] Timestamp: 11 ms
[2026-09-02T18:54:29.128+00:00][A] [INFO] Transmission Result: success
[2026-09-02T18:54:29.133+00:00][A] [INFO] --------------------------------
[2026-09-02T18:54:29.133+00:00][A] [INFO] [Heartbeat #11]
[2026-09-02T18:54:29.139+00:00][A] [INFO] Sent
[2026-09-02T18:54:29.139+00:00][A] [INFO] Waiting ACK...
[2026-09-02T18:54:29.139+00:00][A] [INFO] [WAITING ACK]
[2026-09-02T18:54:29.153+00:00][A] [INFO] [RF TX] type=2 source=0x01 destination=0xFF previousHop=0x01 sequence=10 ackSequence=0 ttl=8 hops=0 payloadSize=13 rssi=0 snr=0.00
[2026-09-02T18:54:29.153+00:00][A] [INFO] Heartbeat packet sent
[2026-09-02T18:54:30.128+00:00][A] [WARN] Retry 1
[2026-09-02T18:54:30.195+00:00][A] [INFO] --------------------------------
[2026-09-02T18:54:30.195+00:00][A] [INFO] [HEARTBEAT TX]
[2026-09-02T18:54:30.200+00:00][A] [INFO] Node ID: 1
[2026-09-02T18:54:30.201+00:00][A] [INFO] type: 2
[2026-09-02T18:54:30.201+00:00][A] [INFO] Destination: 0xFF
[2026-09-02T18:54:30.206+00:00][A] [INFO] Sequence: 10
[2026-09-02T18:54:30.206+00:00][A] [INFO] Packet ID: 11
[2026-09-02T18:54:30.206+00:00][A] [INFO] Packet Size: 26
[2026-09-02T18:54:30.211+00:00][A] [INFO] Timestamp: 11 ms
[2026-09-02T18:54:30.212+00:00][A] [INFO] Transmission Result: success
[2026-09-02T18:54:30.217+00:00][A] [INFO] --------------------------------
[2026-09-02T18:54:30.217+00:00][A] [INFO] [Heartbeat #11]
[2026-09-02T18:54:30.223+00:00][A] [INFO] Sent
[2026-09-02T18:54:30.223+00:00][A] [INFO] Waiting ACK...
[2026-09-02T18:54:30.223+00:00][A] [INFO] [WAITING ACK]
[2026-09-02T18:54:30.237+00:00][A] [INFO] [RF TX] type=2 source=0x01 destination=0xFF previousHop=0x01 sequence=10 ackSequence=0 ttl=8 hops=0 payloadSize=13 rssi=0 snr=0.00
[2026-09-02T18:54:30.237+00:00][A] [INFO] Heartbeat packet sent
[2026-09-02T18:54:31.112+00:00][A] [INFO] --------------------------------
[2026-09-02T18:54:31.112+00:00][A] [INFO] [HEARTBEAT TX]
[2026-09-02T18:54:31.116+00:00][A] [INFO] Node ID: 1
[2026-09-02T18:54:31.117+00:00][A] [INFO] type: 2
[2026-09-02T18:54:31.117+00:00][A] [INFO] Destination: 0xFF
[2026-09-02T18:54:31.122+00:00][A] [INFO] Sequence: 11
[2026-09-02T18:54:31.122+00:00][A] [INFO] Packet ID: 12
[2026-09-02T18:54:31.123+00:00][A] [INFO] Packet Size: 26
[2026-09-02T18:54:31.128+00:00][A] [INFO] Timestamp: 12 ms
[2026-09-02T18:54:31.128+00:00][A] [INFO] Transmission Result: success
[2026-09-02T18:54:31.133+00:00][A] [INFO] --------------------------------
[2026-09-02T18:54:31.134+00:00][A] [INFO] [Heartbeat #12]
[2026-09-02T18:54:31.139+00:00][A] [INFO] Sent
[2026-09-02T18:54:31.139+00:00][A] [INFO] Waiting ACK...
[2026-09-02T18:54:31.139+00:00][A] [INFO] [WAITING ACK]
[2026-09-02T18:54:31.153+00:00][A] [INFO] [RF TX] type=2 source=0x01 destination=0xFF previousHop=0x01 sequence=11 ackSequence=0 ttl=8 hops=0 payloadSize=13 rssi=0 snr=0.00
[2026-09-02T18:54:31.153+00:00][A] [INFO] Heartbeat packet sent
[2026-09-02T18:54:32.128+00:00][A] [WARN] Retry 1
[2026-09-02T18:54:32.195+00:00][A] [INFO] --------------------------------
[2026-09-02T18:54:32.195+00:00][A] [INFO] [HEARTBEAT TX]
[2026-09-02T18:54:32.200+00:00][A] [INFO] Node ID: 1
[2026-09-02T18:54:32.200+00:00][A] [INFO] type: 2
[2026-09-02T18:54:32.201+00:00][A] [INFO] Destination: 0xFF
[2026-09-02T18:54:32.206+00:00][A] [INFO] Sequence: 11
[2026-09-02T18:54:32.206+00:00][A] [INFO] Packet ID: 12
[2026-09-02T18:54:32.207+00:00][A] [INFO] Packet Size: 26
[2026-09-02T18:54:32.212+00:00][A] [INFO] Timestamp: 12 ms
[2026-09-02T18:54:32.212+00:00][A] [INFO] Transmission Result: success
[2026-09-02T18:54:32.217+00:00][A] [INFO] --------------------------------
[2026-09-02T18:54:32.218+00:00][A] [INFO] [Heartbeat #12]
[2026-09-02T18:54:32.222+00:00][A] [INFO] Sent
[2026-09-02T18:54:32.223+00:00][A] [INFO] Waiting ACK...
[2026-09-02T18:54:32.223+00:00][A] [INFO] [WAITING ACK]
[2026-09-02T18:54:32.237+00:00][A] [INFO] [RF TX] type=2 source=0x01 destination=0xFF previousHop=0x01 sequence=11 ackSequence=0 ttl=8 hops=0 payloadSize=13 rssi=0 snr=0.00
[2026-09-02T18:54:32.237+00:00][A] [INFO] Heartbeat packet sent
[2026-09-02T18:54:33.111+00:00][A] [INFO] --------------------------------
[2026-09-02T18:54:33.112+00:00][A] [INFO] [HEARTBEAT TX]
[2026-09-02T18:54:33.116+00:00][A] [INFO] Node ID: 1
[2026-09-02T18:54:33.117+00:00][A] [INFO] type: 2
[2026-09-02T18:54:33.117+00:00][A] [INFO] Destination: 0xFF
[2026-09-02T18:54:33.122+00:00][A] [INFO] Sequence: 12
[2026-09-02T18:54:33.122+00:00][A] [INFO] Packet ID: 13
[2026-09-02T18:54:33.122+00:00][A] [INFO] Packet Size: 26
[2026-09-02T18:54:33.127+00:00][A] [INFO] Timestamp: 13 ms
[2026-09-02T18:54:33.128+00:00][A] [INFO] Transmission Result: success
[2026-09-02T18:54:33.133+00:00][A] [INFO] --------------------------------
[2026-09-02T18:54:33.134+00:00][A] [INFO] [Heartbeat #13]
[2026-09-02T18:54:33.138+00:00][A] [INFO] Sent
[2026-09-02T18:54:33.139+00:00][A] [INFO] Waiting ACK...
[2026-09-02T18:54:33.139+00:00][A] [INFO] [WAITING ACK]
[2026-09-02T18:54:33.152+00:00][A] [INFO] [RF TX] type=2 source=0x01 destination=0xFF previousHop=0x01 sequence=12 ackSequence=0 ttl=8 hops=0 payloadSize=13 rssi=0 snr=0.00
[2026-09-02T18:54:33.153+00:00][A] [INFO] Heartbeat packet sent
[2026-09-02T18:54:34.128+00:00][A] [WARN] Retry 1
[2026-09-02T18:54:34.195+00:00][A] [INFO] --------------------------------
[2026-09-02T18:54:34.195+00:00][A] [INFO] [HEARTBEAT TX]
[2026-09-02T18:54:34.200+00:00][A] [INFO] Node ID: 1
[2026-09-02T18:54:34.201+00:00][A] [INFO] type: 2
[2026-09-02T18:54:34.201+00:00][A] [INFO] Destination: 0xFF
[2026-09-02T18:54:34.206+00:00][A] [INFO] Sequence: 12
[2026-09-02T18:54:34.206+00:00][A] [INFO] Packet ID: 13
[2026-09-02T18:54:34.206+00:00][A] [INFO] Packet Size: 26
[2026-09-02T18:54:34.211+00:00][A] [INFO] Timestamp: 13 ms
[2026-09-02T18:54:34.212+00:00][A] [INFO] Transmission Result: success
[2026-09-02T18:54:34.217+00:00][A] [INFO] --------------------------------
[2026-09-02T18:54:34.218+00:00][A] [INFO] [Heartbeat #13]
[2026-09-02T18:54:34.222+00:00][A] [INFO] Sent
[2026-09-02T18:54:34.223+00:00][A] [INFO] Waiting ACK...
[2026-09-02T18:54:34.223+00:00][A] [INFO] [WAITING ACK]
[2026-09-02T18:54:34.236+00:00][A] [INFO] [RF TX] type=2 source=0x01 destination=0xFF previousHop=0x01 sequence=12 ackSequence=0 ttl=8 hops=0 payloadSize=13 rssi=0 snr=0.00
[2026-09-02T18:54:34.237+00:00][A] [INFO] Heartbeat packet sent
[2026-09-02T18:54:35.111+00:00][A] [INFO] --------------------------------
[2026-09-02T18:54:35.111+00:00][A] [INFO] [HEARTBEAT TX]
[2026-09-02T18:54:35.116+00:00][A] [INFO] Node ID: 1
[2026-09-02T18:54:35.116+00:00][A] [INFO] type: 2
[2026-09-02T18:54:35.117+00:00][A] [INFO] Destination: 0xFF
[2026-09-02T18:54:35.123+00:00][A] [INFO] Sequence: 13
[2026-09-02T18:54:35.123+00:00][A] [INFO] Packet ID: 14
[2026-09-02T18:54:35.123+00:00][A] [INFO] Packet Size: 26
[2026-09-02T18:54:35.127+00:00][A] [INFO] Timestamp: 14 ms
[2026-09-02T18:54:35.128+00:00][A] [INFO] Transmission Result: success
[2026-09-02T18:54:35.133+00:00][A] [INFO] --------------------------------
[2026-09-02T18:54:35.134+00:00][A] [INFO] [Heartbeat #14]
[2026-09-02T18:54:35.138+00:00][A] [INFO] Sent
[2026-09-02T18:54:35.139+00:00][A] [INFO] Waiting ACK...
[2026-09-02T18:54:35.139+00:00][A] [INFO] [WAITING ACK]
[2026-09-02T18:54:35.153+00:00][A] [INFO] [RF TX] type=2 source=0x01 destination=0xFF previousHop=0x01 sequence=13 ackSequence=0 ttl=8 hops=0 payloadSize=13 rssi=0 snr=0.00
[2026-09-02T18:54:35.153+00:00][A] [INFO] Heartbeat packet sent
[2026-09-02T18:54:36.128+00:00][A] [WARN] Retry 1
[2026-09-02T18:54:36.195+00:00][A] [INFO] --------------------------------
[2026-09-02T18:54:36.195+00:00][A] [INFO] [HEARTBEAT TX]
[2026-09-02T18:54:36.204+00:00][A] [INFO] Node ID: 1
[2026-09-02T18:54:36.204+00:00][A] [INFO] type: 2
[2026-09-02T18:54:36.205+00:00][A] [INFO] Destination: 0xFF
[2026-09-02T18:54:36.206+00:00][A] [INFO] Sequence: 13
[2026-09-02T18:54:36.207+00:00][A] [INFO] Packet ID: 14
[2026-09-02T18:54:36.207+00:00][A] [INFO] Packet Size: 26
[2026-09-02T18:54:36.211+00:00][A] [INFO] Timestamp: 14 ms
[2026-09-02T18:54:36.212+00:00][A] [INFO] Transmission Result: success
[2026-09-02T18:54:36.217+00:00][A] [INFO] --------------------------------
[2026-09-02T18:54:36.218+00:00][A] [INFO] [Heartbeat #14]
[2026-09-02T18:54:36.222+00:00][A] [INFO] Sent
[2026-09-02T18:54:36.223+00:00][A] [INFO] Waiting ACK...
[2026-09-02T18:54:36.223+00:00][A] [INFO] [WAITING ACK]
[2026-09-02T18:54:36.237+00:00][A] [INFO] [RF TX] type=2 source=0x01 destination=0xFF previousHop=0x01 sequence=13 ackSequence=0 ttl=8 hops=0 payloadSize=13 rssi=0 snr=0.00
[2026-09-02T18:54:36.237+00:00][A] [INFO] Heartbeat packet sent
