[2026-09-02T18:34:46.370+00:00][B] [INFO] [RF RX] type=2 source=0x01 destination=0xFF previousHop=0x01 sequence=22 ackSequence=0 ttl=8 hops=0 payloadSize=13 rssi=-61 snr
[2026-09-02T18:34:46.538+00:00][B] [WARN] Retry 1
[2026-09-02T18:34:46.606+00:00][B] [INFO] --------------------------------
[2026-09-02T18:34:46.606+00:00][B] [INFO] [HEARTBEAT TX]
[2026-09-02T18:34:46.610+00:00][B] [INFO] Node ID: 2
[2026-09-02T18:34:46.611+00:00][B] [INFO] type: 2
[2026-09-02T18:34:46.611+00:00][B] [INFO] Destination: 0xFF
[2026-09-02T18:34:46.616+00:00][B] [INFO] Sequence: 3
[2026-09-02T18:34:46.616+00:00][B] [INFO] Packet ID: 4
[2026-09-02T18:34:46.617+00:00][B] [INFO] Packet Size: 26
[2026-09-02T18:34:46.622+00:00][B] [INFO] Timestamp: 4 ms
[2026-09-02T18:34:46.622+00:00][B] [INFO] Transmission Result: success
[2026-09-02T18:34:46.628+00:00][B] [INFO] --------------------------------
[2026-09-02T18:34:46.628+00:00][B] [INFO] [Heartbeat #4]
[2026-09-02T18:34:46.633+00:00][B] [INFO] Sent
[2026-09-02T18:34:46.633+00:00][B] [INFO] Waiting ACK...
[2026-09-02T18:34:46.635+00:00][B] [INFO] [WAITING ACK]
[2026-09-02T18:34:46.644+00:00][B] [INFO] [RF TX] type=2 source=0x02 destination=0xFF previousHop=0x02 sequence=3 ackSequence=0 ttl=8 hops=0 payloadSize=13 rssi=0 snr=0.
[2026-09-02T18:34:46.646+00:00][B] [INFO] Heartbeat packet sent
[2026-09-02T18:34:47.454+00:00][B] [INFO] [RF RX] type=2 source=0x01 destination=0xFF previousHop=0x01 sequence=22 ackSequence=0 ttl=8 hops=0 payloadSize=13 rssi=-61 snr
[2026-09-02T18:34:47.521+00:00][B] [INFO] --------------------------------
[2026-09-02T18:34:47.521+00:00][B] [INFO] [HEARTBEAT TX]
[2026-09-02T18:34:47.526+00:00][B] [INFO] Node ID: 2
[2026-09-02T18:34:47.526+00:00][B] [INFO] type: 2
[2026-09-02T18:34:47.527+00:00][B] [INFO] Destination: 0xFF
[2026-09-02T18:34:47.532+00:00][B] [INFO] Sequence: 4
[2026-09-02T18:34:47.532+00:00][B] [INFO] Packet ID: 5
[2026-09-02T18:34:47.532+00:00][B] [INFO] Packet Size: 26
[2026-09-02T18:34:47.537+00:00][B] [INFO] Timestamp: 5 ms
[2026-09-02T18:34:47.538+00:00][B] [INFO] Transmission Result: success
[2026-09-02T18:34:47.543+00:00][B] [INFO] --------------------------------
[2026-09-02T18:34:47.543+00:00][B] [INFO] [Heartbeat #5]
[2026-09-02T18:34:47.548+00:00][B] [INFO] Sent
[2026-09-02T18:34:47.549+00:00][B] [INFO] Waiting ACK...
[2026-09-02T18:34:47.549+00:00][B] [INFO] [WAITING ACK]
[2026-09-02T18:34:47.560+00:00][B] [INFO] [RF TX] type=2 source=0x02 destination=0xFF previousHop=0x02 sequence=4 ackSequence=0 ttl=8 hops=0 payloadSize=13 rssi=0 snr=0.
[2026-09-02T18:34:47.562+00:00][B] [INFO] Heartbeat packet sent
[2026-09-02T18:34:48.370+00:00][B] [INFO] [RF RX] type=2 source=0x01 destination=0xFF previousHop=0x01 sequence=23 ackSequence=0 ttl=8 hops=0 payloadSize=13 rssi=-60 snr
[2026-09-02T18:34:48.538+00:00][B] [WARN] Retry 1
[2026-09-02T18:34:48.605+00:00][B] [INFO] --------------------------------
[2026-09-02T18:34:48.606+00:00][B] [INFO] [HEARTBEAT TX]
[2026-09-02T18:34:48.610+00:00][B] [INFO] Node ID: 2
[2026-09-02T18:34:48.611+00:00][B] [INFO] type: 2
[2026-09-02T18:34:48.611+00:00][B] [INFO] Destination: 0xFF
[2026-09-02T18:34:48.616+00:00][B] [INFO] Sequence: 4
[2026-09-02T18:34:48.616+00:00][B] [INFO] Packet ID: 5
[2026-09-02T18:34:48.616+00:00][B] [INFO] Packet Size: 26
[2026-09-02T18:34:48.622+00:00][B] [INFO] Timestamp: 5 ms
[2026-09-02T18:34:48.622+00:00][B] [INFO] Transmission Result: success
[2026-09-02T18:34:48.627+00:00][B] [INFO] --------------------------------
[2026-09-02T18:34:48.628+00:00][B] [INFO] [Heartbeat #5]
[2026-09-02T18:34:48.633+00:00][B] [INFO] Sent
[2026-09-02T18:34:48.633+00:00][B] [INFO] Waiting ACK...
[2026-09-02T18:34:48.633+00:00][B] [INFO] [WAITING ACK]
[2026-09-02T18:34:48.644+00:00][B] [INFO] [RF TX] type=2 source=0x02 destination=0xFF previousHop=0x02 sequence=4 ackSequence=0 ttl=8 hops=0 payloadSize=13 rssi=0 snr=0.
[2026-09-02T18:34:48.646+00:00][B] [INFO] Heartbeat packet sent
[2026-09-02T18:34:49.454+00:00][B] [INFO] [RF RX] type=2 source=0x01 destination=0xFF previousHop=0x01 sequence=23 ackSequence=0 ttl=8 hops=0 payloadSize=13 rssi=-61 snr
[2026-09-02T18:34:49.521+00:00][B] [INFO] --------------------------------
[2026-09-02T18:34:49.522+00:00][B] [INFO] [HEARTBEAT TX]
[2026-09-02T18:34:49.526+00:00][B] [INFO] Node ID: 2
[2026-09-02T18:34:49.527+00:00][B] [INFO] type: 2
[2026-09-02T18:34:49.527+00:00][B] [INFO] Destination: 0xFF
[2026-09-02T18:34:49.532+00:00][B] [INFO] Sequence: 5
[2026-09-02T18:34:49.532+00:00][B] [INFO] Packet ID: 6
[2026-09-02T18:34:49.532+00:00][B] [INFO] Packet Size: 26
[2026-09-02T18:34:49.538+00:00][B] [INFO] Timestamp: 6 ms
[2026-09-02T18:34:49.538+00:00][B] [INFO] Transmission Result: success
[2026-09-02T18:34:49.543+00:00][B] [INFO] --------------------------------
[2026-09-02T18:34:49.544+00:00][B] [INFO] [Heartbeat #6]
[2026-09-02T18:34:49.549+00:00][B] [INFO] Sent
[2026-09-02T18:34:49.549+00:00][B] [INFO] Waiting ACK...
[2026-09-02T18:34:49.549+00:00][B] [INFO] [WAITING ACK]
[2026-09-02T18:34:49.560+00:00][B] [INFO] [RF TX] type=2 source=0x02 destination=0xFF previousHop=0x02 sequence=5 ackSequence=0 ttl=8 hops=0 payloadSize=13 rssi=0 snr=0.
[2026-09-02T18:34:49.562+00:00][B] [INFO] Heartbeat packet sent
[2026-09-02T18:34:50.370+00:00][B] [INFO] [RF RX] type=2 source=0x01 destination=0xFF previousHop=0x01 sequence=24 ackSequence=0 ttl=8 hops=0 payloadSize=13 rssi=-61 snr
[2026-09-02T18:34:50.538+00:00][B] [WARN] Retry 1
[2026-09-02T18:34:50.605+00:00][B] [INFO] --------------------------------
[2026-09-02T18:34:50.606+00:00][B] [INFO] [HEARTBEAT TX]
[2026-09-02T18:34:50.610+00:00][B] [INFO] Node ID: 2
[2026-09-02T18:34:50.611+00:00][B] [INFO] type: 2
[2026-09-02T18:34:50.611+00:00][B] [INFO] Destination: 0xFF
[2026-09-02T18:34:50.616+00:00][B] [INFO] Sequence: 5
[2026-09-02T18:34:50.617+00:00][B] [INFO] Packet ID: 6
[2026-09-02T18:34:50.617+00:00][B] [INFO] Packet Size: 26
[2026-09-02T18:34:50.622+00:00][B] [INFO] Timestamp: 6 ms
[2026-09-02T18:34:50.623+00:00][B] [INFO] Transmission Result: success
[2026-09-02T18:34:50.627+00:00][B] [INFO] --------------------------------
[2026-09-02T18:34:50.627+00:00][B] [INFO] [Heartbeat #6]
[2026-09-02T18:34:50.633+00:00][B] [INFO] Sent
[2026-09-02T18:34:50.633+00:00][B] [INFO] Waiting ACK...
[2026-09-02T18:34:50.633+00:00][B] [INFO] [WAITING ACK]
[2026-09-02T18:34:50.644+00:00][B] [INFO] [RF TX] type=2 source=0x02 destination=0xFF previousHop=0x02 sequence=5 ackSequence=0 ttl=8 hops=0 payloadSize=13 rssi=0 snr=0.
[2026-09-02T18:34:50.646+00:00][B] [INFO] Heartbeat packet sent
