[2026-09-02T18:48:06.971+00:00][A] [WARN] Retry 1
[2026-09-02T18:48:07.037+00:00][A] [INFO] --------------------------------
[2026-09-02T18:48:07.038+00:00][A] [INFO] [HEARTBEAT TX]
[2026-09-02T18:48:07.043+00:00][A] [INFO] Node ID: 1
[2026-09-02T18:48:07.043+00:00][A] [INFO] type: 2
[2026-09-02T18:48:07.043+00:00][A] [INFO] Destination: 0xFF
[2026-09-02T18:48:07.048+00:00][A] [INFO] Sequence: 6
[2026-09-02T18:48:07.048+00:00][A] [INFO] Packet ID: 7
[2026-09-02T18:48:07.049+00:00][A] [INFO] Packet Size: 26
[2026-09-02T18:48:07.054+00:00][A] [INFO] Timestamp: 7 ms
[2026-09-02T18:48:07.054+00:00][A] [INFO] Transmission Result: success
[2026-09-02T18:48:07.059+00:00][A] [INFO] --------------------------------
[2026-09-02T18:48:07.060+00:00][A] [INFO] [Heartbeat #7]
[2026-09-02T18:48:07.065+00:00][A] [INFO] Sent
[2026-09-02T18:48:07.065+00:00][A] [INFO] Waiting ACK...
[2026-09-02T18:48:07.065+00:00][A] [INFO] [WAITING ACK]
[2026-09-02T18:48:07.076+00:00][A] [INFO] [RF TX] type=2 source=0x01 destination=0xFF previousHop=0x01 sequence=6 ackSequence=0 ttl=8 hops=0 payloadSize=13 rssi=0 snr=0.00
[2026-09-02T18:48:07.079+00:00][A] [INFO] Heartbeat packet sent
[2026-09-02T18:48:07.213+00:00][A] [INFO] [RF RX] type=2 source=0x02 destination=0xFF previousHop=0x02 sequence=2 ackSequence=0 ttl=8 hops=0 payloadSize=13 rssi=-59 snr=10.00
[2026-09-02T18:48:07.953+00:00][A] [INFO] --------------------------------
[2026-09-02T18:48:07.954+00:00][A] [INFO] [HEARTBEAT TX]
[2026-09-02T18:48:07.959+00:00][A] [INFO] Node ID: 1
[2026-09-02T18:48:07.959+00:00][A] [INFO] type: 2
[2026-09-02T18:48:07.959+00:00][A] [INFO] Destination: 0xFF
[2026-09-02T18:48:07.964+00:00][A] [INFO] Sequence: 7
[2026-09-02T18:48:07.964+00:00][A] [INFO] Packet ID: 8
[2026-09-02T18:48:07.965+00:00][A] [INFO] Packet Size: 26
[2026-09-02T18:48:07.970+00:00][A] [INFO] Timestamp: 8 ms
[2026-09-02T18:48:07.970+00:00][A] [INFO] Transmission Result: success
[2026-09-02T18:48:07.976+00:00][A] [INFO] --------------------------------
[2026-09-02T18:48:07.976+00:00][A] [INFO] [Heartbeat #8]
[2026-09-02T18:48:07.981+00:00][A] [INFO] Sent
[2026-09-02T18:48:07.981+00:00][A] [INFO] Waiting ACK...
[2026-09-02T18:48:07.981+00:00][A] [INFO] [WAITING ACK]
[2026-09-02T18:48:07.992+00:00][A] [INFO] [RF TX] type=2 source=0x01 destination=0xFF previousHop=0x01 sequence=7 ackSequence=0 ttl=8 hops=0 payloadSize=13 rssi=0 snr=0.00
[2026-09-02T18:48:07.995+00:00][A] [INFO] Heartbeat packet sent
[2026-09-02T18:48:08.296+00:00][A] [INFO] [RF RX] type=2 source=0x02 destination=0xFF previousHop=0x02 sequence=2 ackSequence=0 ttl=8 hops=0 payloadSize=13 rssi=-59 snr=9.50
[2026-09-02T18:48:08.971+00:00][A] [WARN] Retry 1
[2026-09-02T18:48:09.037+00:00][A] [INFO] --------------------------------
[2026-09-02T18:48:09.037+00:00][A] [INFO] [HEARTBEAT TX]
[2026-09-02T18:48:09.043+00:00][A] [INFO] Node ID: 1
[2026-09-02T18:48:09.043+00:00][A] [INFO] type: 2
[2026-09-02T18:48:09.043+00:00][A] [INFO] Destination: 0xFF
[2026-09-02T18:48:09.048+00:00][A] [INFO] Sequence: 7
[2026-09-02T18:48:09.048+00:00][A] [INFO] Packet ID: 8
[2026-09-02T18:48:09.048+00:00][A] [INFO] Packet Size: 26
[2026-09-02T18:48:09.054+00:00][A] [INFO] Timestamp: 8 ms
[2026-09-02T18:48:09.054+00:00][A] [INFO] Transmission Result: success
[2026-09-02T18:48:09.059+00:00][A] [INFO] --------------------------------
[2026-09-02T18:48:09.060+00:00][A] [INFO] [Heartbeat #8]
[2026-09-02T18:48:09.065+00:00][A] [INFO] Sent
[2026-09-02T18:48:09.065+00:00][A] [INFO] Waiting ACK...
[2026-09-02T18:48:09.065+00:00][A] [INFO] [WAITING ACK]
[2026-09-02T18:48:09.076+00:00][A] [INFO] [RF TX] type=2 source=0x01 destination=0xFF previousHop=0x01 sequence=7 ackSequence=0 ttl=8 hops=0 payloadSize=13 rssi=0 snr=0.00
[2026-09-02T18:48:09.079+00:00][A] [INFO] Heartbeat packet sent
[2026-09-02T18:48:09.213+00:00][A] [INFO] [RF RX] type=2 source=0x02 destination=0xFF previousHop=0x02 sequence=3 ackSequence=0 ttl=8 hops=0 payloadSize=13 rssi=-59 snr=10.00
[2026-09-02T18:48:09.954+00:00][A] [INFO] --------------------------------
[2026-09-02T18:48:09.954+00:00][A] [INFO] [HEARTBEAT TX]
[2026-09-02T18:48:09.959+00:00][A] [INFO] Node ID: 1
[2026-09-02T18:48:09.959+00:00][A] [INFO] type: 2
[2026-09-02T18:48:09.959+00:00][A] [INFO] Destination: 0xFF
[2026-09-02T18:48:09.964+00:00][A] [INFO] Sequence: 8
[2026-09-02T18:48:09.965+00:00][A] [INFO] Packet ID: 9
[2026-09-02T18:48:09.965+00:00][A] [INFO] Packet Size: 26
[2026-09-02T18:48:09.970+00:00][A] [INFO] Timestamp: 9 ms
[2026-09-02T18:48:09.971+00:00][A] [INFO] Transmission Result: success
[2026-09-02T18:48:09.976+00:00][A] [INFO] --------------------------------
[2026-09-02T18:48:09.976+00:00][A] [INFO] [Heartbeat #9]
[2026-09-02T18:48:09.981+00:00][A] [INFO] Sent
[2026-09-02T18:48:09.982+00:00][A] [INFO] Waiting ACK...
[2026-09-02T18:48:09.982+00:00][A] [INFO] [WAITING ACK]
[2026-09-02T18:48:09.993+00:00][A] [INFO] [RF TX] type=2 source=0x01 destination=0xFF previousHop=0x01 sequence=8 ackSequence=0 ttl=8 hops=0 payloadSize=13 rssi=0 snr=0.00
[2026-09-02T18:48:09.995+00:00][A] [INFO] Heartbeat packet sent
[2026-09-02T18:48:10.296+00:00][A] [INFO] [RF RX] type=2 source=0x02 destination=0xFF previousHop=0x02 sequence=3 ackSequence=0 ttl=8 hops=0 payloadSize=13 rssi=-59 snr=9.75
[2026-09-02T18:48:10.971+00:00][A] [WARN] Retry 1
[2026-09-02T18:48:11.038+00:00][A] [INFO] --------------------------------
[2026-09-02T18:48:11.038+00:00][A] [INFO] [HEARTBEAT TX]
[2026-09-02T18:48:11.043+00:00][A] [INFO] Node ID: 1
[2026-09-02T18:48:11.043+00:00][A] [INFO] type: 2
[2026-09-02T18:48:11.044+00:00][A] [INFO] Destination: 0xFF
[2026-09-02T18:48:11.048+00:00][A] [INFO] Sequence: 8
[2026-09-02T18:48:11.049+00:00][A] [INFO] Packet ID: 9
[2026-09-02T18:48:11.049+00:00][A] [INFO] Packet Size: 26
[2026-09-02T18:48:11.054+00:00][A] [INFO] Timestamp: 9 ms
[2026-09-02T18:48:11.054+00:00][A] [INFO] Transmission Result: success
[2026-09-02T18:48:11.060+00:00][A] [INFO] --------------------------------
[2026-09-02T18:48:11.060+00:00][A] [INFO] [Heartbeat #9]
[2026-09-02T18:48:11.065+00:00][A] [INFO] Sent
[2026-09-02T18:48:11.065+00:00][A] [INFO] Waiting ACK...
[2026-09-02T18:48:11.065+00:00][A] [INFO] [WAITING ACK]
[2026-09-02T18:48:11.077+00:00][A] [INFO] [RF TX] type=2 source=0x01 destination=0xFF previousHop=0x01 sequence=8 ackSequence=0 ttl=8 hops=0 payloadSize=13 rssi=0 snr=0.00
[2026-09-02T18:48:11.079+00:00][A] [INFO] Heartbeat packet sent
[2026-09-02T18:48:11.212+00:00][A] [INFO] [RF RX] type=2 source=0x02 destination=0xFF previousHop=0x02 sequence=4 ackSequence=0 ttl=8 hops=0 payloadSize=13 rssi=-59 snr=9.75
[2026-09-02T18:48:11.954+00:00][A] [INFO] --------------------------------
