[2026-09-02T18:34:09.206+00:00][B] [INFO] --------------------------------
[2026-09-02T18:34:09.206+00:00][B] [INFO] [HEARTBEAT TX]
[2026-09-02T18:34:09.212+00:00][B] [INFO] Node ID: 1
[2026-09-02T18:34:09.212+00:00][B] [INFO] type: 2
[2026-09-02T18:34:09.212+00:00][B] [INFO] Destination: 0xFF
[2026-09-02T18:34:09.217+00:00][B] [INFO] Sequence: 118
[2026-09-02T18:34:09.217+00:00][B] [INFO] Packet ID: 119
[2026-09-02T18:34:09.223+00:00][B] [INFO] Packet Size: 25
[2026-09-02T18:34:09.223+00:00][B] [INFO] Timestamp: 119 ms
[2026-09-02T18:34:09.228+00:00][B] [INFO] Transmission Result: success
[2026-09-02T18:34:09.228+00:00][B] [INFO] --------------------------------
[2026-09-02T18:34:09.234+00:00][B] [INFO] [Heartbeat #119]
[2026-09-02T18:34:09.234+00:00][B] [INFO] Sent
[2026-09-02T18:34:09.234+00:00][B] [INFO] Waiting ACK...
[2026-09-02T18:34:09.234+00:00][B] [INFO] [WAITING ACK]
[2026-09-02T18:34:09.236+00:00][B] [INFO] Heartbeat packet sent
[2026-09-02T18:34:09.446+00:00][B] [WARN] Received invalid packet
[2026-09-02T18:34:10.223+00:00][B] [WARN] Retry 1
[2026-09-02T18:34:10.289+00:00][B] [INFO] --------------------------------
[2026-09-02T18:34:10.289+00:00][B] [INFO] [HEARTBEAT TX]
[2026-09-02T18:34:10.295+00:00][B] [INFO] Node ID: 1
[2026-09-02T18:34:10.295+00:00][B] [INFO] type: 2
[2026-09-02T18:34:10.295+00:00][B] [INFO] Destination: 0xFF
[2026-09-02T18:34:10.300+00:00][B] [INFO] Sequence: 118
[2026-09-02T18:34:10.300+00:00][B] [INFO] Packet ID: 119
[2026-09-02T18:34:10.306+00:00][B] [INFO] Packet Size: 25
[2026-09-02T18:34:10.306+00:00][B] [INFO] Timestamp: 119 ms
[2026-09-02T18:34:10.311+00:00][B] [INFO] Transmission Result: success
[2026-09-02T18:34:10.311+00:00][B] [INFO] --------------------------------
[2026-09-02T18:34:10.317+00:00][B] [INFO] [Heartbeat #119]
[2026-09-02T18:34:10.317+00:00][B] [INFO] Sent
[2026-09-02T18:34:10.317+00:00][B] [INFO] Waiting ACK...
[2026-09-02T18:34:10.317+00:00][B] [INFO] [WAITING ACK]
[2026-09-02T18:34:10.319+00:00][B] [INFO] Heartbeat packet sent
[2026-09-02T18:34:11.207+00:00][B] [INFO] --------------------------------
[2026-09-02T18:34:11.208+00:00][B] [INFO] [HEARTBEAT TX]
[2026-09-02T18:34:11.212+00:00][B] [INFO] Node ID: 1
[2026-09-02T18:34:11.213+00:00][B] [INFO] type: 2
[2026-09-02T18:34:11.213+00:00][B] [INFO] Destination: 0xFF
[2026-09-02T18:34:11.218+00:00][B] [INFO] Sequence: 119
[2026-09-02T18:34:11.218+00:00][B] [INFO] Packet ID: 120
[2026-09-02T18:34:11.223+00:00][B] [INFO] Packet Size: 25
[2026-09-02T18:34:11.223+00:00][B] [INFO] Timestamp: 120 ms
[2026-09-02T18:34:11.228+00:00][B] [INFO] Transmission Result: success
[2026-09-02T18:34:11.229+00:00][B] [INFO] --------------------------------
[2026-09-02T18:34:11.234+00:00][B] [INFO] [Heartbeat #120]
[2026-09-02T18:34:11.234+00:00][B] [INFO] Sent
[2026-09-02T18:34:11.234+00:00][B] [INFO] Waiting ACK...
[2026-09-02T18:34:11.235+00:00][B] [INFO] [WAITING ACK]
[2026-09-02T18:34:11.237+00:00][B] [INFO] Heartbeat packet sent
[2026-09-02T18:34:11.446+00:00][B] [WARN] Received invalid packet
[2026-09-02T18:34:12.223+00:00][B] [WARN] Retry 1
[2026-09-02T18:34:12.291+00:00][B] [INFO] --------------------------------
[2026-09-02T18:34:12.291+00:00][B] [INFO] [HEARTBEAT TX]
[2026-09-02T18:34:12.295+00:00][B] [INFO] Node ID: 1
[2026-09-02T18:34:12.295+00:00][B] [INFO] type: 2
[2026-09-02T18:34:12.296+00:00][B] [INFO] Destination: 0xFF
[2026-09-02T18:34:12.300+00:00][B] [INFO] Sequence: 119
[2026-09-02T18:34:12.301+00:00][B] [INFO] Packet ID: 120
[2026-09-02T18:34:12.306+00:00][B] [INFO] Packet Size: 25
[2026-09-02T18:34:12.307+00:00][B] [INFO] Timestamp: 120 ms
[2026-09-02T18:34:12.311+00:00][B] [INFO] Transmission Result: success
[2026-09-02T18:34:12.312+00:00][B] [INFO] --------------------------------
[2026-09-02T18:34:12.317+00:00][B] [INFO] [Heartbeat #120]
[2026-09-02T18:34:12.317+00:00][B] [INFO] Sent
[2026-09-02T18:34:12.318+00:00][B] [INFO] Waiting ACK...
[2026-09-02T18:34:12.318+00:00][B] [INFO] [WAITING ACK]
[2026-09-02T18:34:12.320+00:00][B] [INFO] Heartbeat packet sent
[2026-09-02T18:34:13.207+00:00][B] [INFO] --------------------------------
[2026-09-02T18:34:13.207+00:00][B] [INFO] [HEARTBEAT TX]
[2026-09-02T18:34:13.212+00:00][B] [INFO] Node ID: 1
[2026-09-02T18:34:13.212+00:00][B] [INFO] type: 2
[2026-09-02T18:34:13.213+00:00][B] [INFO] Destination: 0xFF
[2026-09-02T18:34:13.217+00:00][B] [INFO] Sequence: 120
[2026-09-02T18:34:13.218+00:00][B] [INFO] Packet ID: 121
[2026-09-02T18:34:13.223+00:00][B] [INFO] Packet Size: 25
[2026-09-02T18:34:13.223+00:00][B] [INFO] Timestamp: 121 ms
[2026-09-02T18:34:13.228+00:00][B] [INFO] Transmission Result: success
[2026-09-02T18:34:13.229+00:00][B] [INFO] --------------------------------
[2026-09-02T18:34:13.234+00:00][B] [INFO] [Heartbeat #121]
[2026-09-02T18:34:13.234+00:00][B] [INFO] Sent
[2026-09-02T18:34:13.234+00:00][B] [INFO] Waiting ACK...
[2026-09-02T18:34:13.235+00:00][B] [INFO] [WAITING ACK]
[2026-09-02T18:34:13.237+00:00][B] [INFO] Heartbeat packet sent
[2026-09-02T18:34:13.446+00:00][B] [WARN] Received invalid packet
[2026-09-02T18:34:14.223+00:00][B] [WARN] Retry 1
[2026-09-02T18:34:14.290+00:00][B] [INFO] --------------------------------
[2026-09-02T18:34:14.291+00:00][B] [INFO] [HEARTBEAT TX]
[2026-09-02T18:34:14.295+00:00][B] [INFO] Node ID: 1
[2026-09-02T18:34:14.295+00:00][B] [INFO] type: 2
[2026-09-02T18:34:14.296+00:00][B] [INFO] Destination: 0xFF
[2026-09-02T18:34:14.300+00:00][B] [INFO] Sequence: 120
[2026-09-02T18:34:14.301+00:00][B] [INFO] Packet ID: 121
[2026-09-02T18:34:14.306+00:00][B] [INFO] Packet Size: 25
[2026-09-02T18:34:14.306+00:00][B] [INFO] Timestamp: 121 ms
[2026-09-02T18:34:14.311+00:00][B] [INFO] Transmission Result: success
[2026-09-02T18:34:14.312+00:00][B] [INFO] --------------------------------
[2026-09-02T18:34:14.317+00:00][B] [INFO] [Heartbeat #121]
[2026-09-02T18:34:14.317+00:00][B] [INFO] Sent
[2026-09-02T18:34:14.317+00:00][B] [INFO] Waiting ACK...
[2026-09-02T18:34:14.318+00:00][B] [INFO] [WAITING ACK]
[2026-09-02T18:34:14.320+00:00][B] [INFO] Heartbeat packet sent
