[2026-09-02T18:55:07.616+00:00][B] ESP-ROM:esp32s3-20210327
[2026-09-02T18:55:07.625+00:00][B] Build:Mar 27 2021
[2026-09-02T18:55:07.630+00:00][B] rst:0x1 (POWERON),boot:0x8 (SPI_FAST_FLASH_BOOT)
[2026-09-02T18:55:07.630+00:00][B] SPIWP:0xee
[2026-09-02T18:55:07.631+00:00][B] mode:DIO, clock div:1
[2026-09-02T18:55:07.636+00:00][B] load:0x3fce3808,len:0x4bc
[2026-09-02T18:55:07.636+00:00][B] load:0x403c9700,len:0xbd8
[2026-09-02T18:55:07.637+00:00][B] load:0x403cc700,len:0x2a0c
[2026-09-02T18:55:07.637+00:00][B] entry 0x403c98d0
[2026-09-02T18:55:09.728+00:00][B] [INFO] ================================
[2026-09-02T18:55:09.733+00:00][B] [INFO] Jalari BoatNode Firmware
[2026-09-02T18:55:09.733+00:00][B] [INFO] 0.1.0
[2026-09-02T18:55:09.733+00:00][B] [INFO] ================================
[2026-09-02T18:55:09.745+00:00][B] [INFO] LoRa ready
[2026-09-02T18:55:09.812+00:00][B] [INFO] --------------------------------
[2026-09-02T18:55:09.812+00:00][B] [INFO] [HEARTBEAT TX]
[2026-09-02T18:55:09.817+00:00][B] [INFO] Node ID: 2
[2026-09-02T18:55:09.818+00:00][B] [INFO] type: 2
[2026-09-02T18:55:09.821+00:00][B] [INFO] Destination: 0xFF
[2026-09-02T18:55:09.823+00:00][B] [INFO] Sequence: 0
[2026-09-02T18:55:09.824+00:00][B] [INFO] Packet ID: 1
[2026-09-02T18:55:09.824+00:00][B] [INFO] Packet Size: 26
[2026-09-02T18:55:09.828+00:00][B] [INFO] Timestamp: 1 ms
[2026-09-02T18:55:09.829+00:00][B] [INFO] Transmission Result: success
[2026-09-02T18:55:09.834+00:00][B] [INFO] --------------------------------
[2026-09-02T18:55:09.834+00:00][B] [INFO] [Heartbeat #1]
[2026-09-02T18:55:09.839+00:00][B] [INFO] Sent
[2026-09-02T18:55:09.840+00:00][B] [INFO] Waiting ACK...
[2026-09-02T18:55:09.840+00:00][B] [INFO] [WAITING ACK]
[2026-09-02T18:55:09.852+00:00][B] [INFO] [RF TX] type=2 source=0x02 destination=0xFF previousHop=0x02 sequence=0 ackSequence=0 ttl=8 hops=0 payloadSize=13 rssi=0 snr=0.00
[2026-09-02T18:55:09.856+00:00][B] [INFO] Heartbeat packet sent
[2026-09-02T18:55:10.829+00:00][B] [WARN] Retry 1
[2026-09-02T18:55:10.896+00:00][B] [INFO] --------------------------------
[2026-09-02T18:55:10.896+00:00][B] [INFO] [HEARTBEAT TX]
[2026-09-02T18:55:10.901+00:00][B] [INFO] Node ID: 2
[2026-09-02T18:55:10.901+00:00][B] [INFO] type: 2
[2026-09-02T18:55:10.902+00:00][B] [INFO] Destination: 0xFF
[2026-09-02T18:55:10.906+00:00][B] [INFO] Sequence: 0
[2026-09-02T18:55:10.907+00:00][B] [INFO] Packet ID: 1
[2026-09-02T18:55:10.907+00:00][B] [INFO] Packet Size: 26
[2026-09-02T18:55:10.912+00:00][B] [INFO] Timestamp: 1 ms
[2026-09-02T18:55:10.913+00:00][B] [INFO] Transmission Result: success
[2026-09-02T18:55:10.918+00:00][B] [INFO] --------------------------------
[2026-09-02T18:55:10.918+00:00][B] [INFO] [Heartbeat #1]
[2026-09-02T18:55:10.923+00:00][B] [INFO] Sent
[2026-09-02T18:55:10.923+00:00][B] [INFO] Waiting ACK...
[2026-09-02T18:55:10.923+00:00][B] [INFO] [WAITING ACK]
[2026-09-02T18:55:10.935+00:00][B] [INFO] [RF TX] type=2 source=0x02 destination=0xFF previousHop=0x02 sequence=0 ackSequence=0 ttl=8 hops=0 payloadSize=13 rssi=0 snr=0.00
[2026-09-02T18:55:10.937+00:00][B] [INFO] Heartbeat packet sent
[2026-09-02T18:55:11.812+00:00][B] [INFO] --------------------------------
[2026-09-02T18:55:11.812+00:00][B] [INFO] [HEARTBEAT TX]
[2026-09-02T18:55:11.817+00:00][B] [INFO] Node ID: 2
[2026-09-02T18:55:11.817+00:00][B] [INFO] type: 2
[2026-09-02T18:55:11.817+00:00][B] [INFO] Destination: 0xFF
[2026-09-02T18:55:11.822+00:00][B] [INFO] Sequence: 1
[2026-09-02T18:55:11.822+00:00][B] [INFO] Packet ID: 2
[2026-09-02T18:55:11.822+00:00][B] [INFO] Packet Size: 26
[2026-09-02T18:55:11.828+00:00][B] [INFO] Timestamp: 2 ms
[2026-09-02T18:55:11.829+00:00][B] [INFO] Transmission Result: success
[2026-09-02T18:55:11.833+00:00][B] [INFO] --------------------------------
[2026-09-02T18:55:11.834+00:00][B] [INFO] [Heartbeat #2]
[2026-09-02T18:55:11.839+00:00][B] [INFO] Sent
[2026-09-02T18:55:11.839+00:00][B] [INFO] Waiting ACK...
[2026-09-02T18:55:11.840+00:00][B] [INFO] [WAITING ACK]
[2026-09-02T18:55:11.851+00:00][B] [INFO] [RF TX] type=2 source=0x02 destination=0xFF previousHop=0x02 sequence=1 ackSequence=0 ttl=8 hops=0 payloadSize=13 rssi=0 snr=0.00
[2026-09-02T18:55:11.853+00:00][B] [INFO] Heartbeat packet sent
[2026-09-02T18:55:12.829+00:00][B] [WARN] Retry 1
[2026-09-02T18:55:12.896+00:00][B] [INFO] --------------------------------
[2026-09-02T18:55:12.896+00:00][B] [INFO] [HEARTBEAT TX]
[2026-09-02T18:55:12.901+00:00][B] [INFO] Node ID: 2
[2026-09-02T18:55:12.901+00:00][B] [INFO] type: 2
[2026-09-02T18:55:12.901+00:00][B] [INFO] Destination: 0xFF
[2026-09-02T18:55:12.906+00:00][B] [INFO] Sequence: 1
[2026-09-02T18:55:12.906+00:00][B] [INFO] Packet ID: 2
[2026-09-02T18:55:12.907+00:00][B] [INFO] Packet Size: 26
[2026-09-02T18:55:12.912+00:00][B] [INFO] Timestamp: 2 ms
[2026-09-02T18:55:12.912+00:00][B] [INFO] Transmission Result: success
[2026-09-02T18:55:12.918+00:00][B] [INFO] --------------------------------
[2026-09-02T18:55:12.918+00:00][B] [INFO] [Heartbeat #2]
[2026-09-02T18:55:12.923+00:00][B] [INFO] Sent
[2026-09-02T18:55:12.923+00:00][B] [INFO] Waiting ACK...
[2026-09-02T18:55:12.923+00:00][B] [INFO] [WAITING ACK]
[2026-09-02T18:55:12.934+00:00][B] [INFO] [RF TX] type=2 source=0x02 destination=0xFF previousHop=0x02 sequence=1 ackSequence=0 ttl=8 hops=0 payloadSize=13 rssi=0 snr=0.00
[2026-09-02T18:55:12.937+00:00][B] [INFO] Heartbeat packet sent
[2026-09-02T18:55:13.812+00:00][B] [INFO] --------------------------------
[2026-09-02T18:55:13.812+00:00][B] [INFO] [HEARTBEAT TX]
[2026-09-02T18:55:13.817+00:00][B] [INFO] Node ID: 2
[2026-09-02T18:55:13.817+00:00][B] [INFO] type: 2
[2026-09-02T18:55:13.817+00:00][B] [INFO] Destination: 0xFF
[2026-09-02T18:55:13.822+00:00][B] [INFO] Sequence: 2
[2026-09-02T18:55:13.823+00:00][B] [INFO] Packet ID: 3
[2026-09-02T18:55:13.823+00:00][B] [INFO] Packet Size: 26
[2026-09-02T18:55:13.828+00:00][B] [INFO] Timestamp: 3 ms
[2026-09-02T18:55:13.828+00:00][B] [INFO] Transmission Result: success
[2026-09-02T18:55:13.834+00:00][B] [INFO] --------------------------------
[2026-09-02T18:55:13.834+00:00][B] [INFO] [Heartbeat #3]
[2026-09-02T18:55:13.839+00:00][B] [INFO] Sent
[2026-09-02T18:55:13.839+00:00][B] [INFO] Waiting ACK...
[2026-09-02T18:55:13.840+00:00][B] [INFO] [WAITING ACK]
[2026-09-02T18:55:13.851+00:00][B] [INFO] [RF TX] type=2 source=0x02 destination=0xFF previousHop=0x02 sequence=2 ackSequence=0 ttl=8 hops=0 payloadSize=13 rssi=0 snr=0.00
[2026-09-02T18:55:13.853+00:00][B] [INFO] Heartbeat packet sent
[2026-09-02T18:55:14.829+00:00][B] [WARN] Retry 1
[2026-09-02T18:55:14.896+00:00][B] [INFO] --------------------------------
[2026-09-02T18:55:14.896+00:00][B] [INFO] [HEARTBEAT TX]
[2026-09-02T18:55:14.901+00:00][B] [INFO] Node ID: 2
[2026-09-02T18:55:14.902+00:00][B] [INFO] type: 2
[2026-09-02T18:55:14.902+00:00][B] [INFO] Destination: 0xFF
[2026-09-02T18:55:14.906+00:00][B] [INFO] Sequence: 2
[2026-09-02T18:55:14.907+00:00][B] [INFO] Packet ID: 3
[2026-09-02T18:55:14.907+00:00][B] [INFO] Packet Size: 26
[2026-09-02T18:55:14.912+00:00][B] [INFO] Timestamp: 3 ms
[2026-09-02T18:55:14.912+00:00][B] [INFO] Transmission Result: success
[2026-09-02T18:55:14.918+00:00][B] [INFO] --------------------------------
[2026-09-02T18:55:14.918+00:00][B] [INFO] [Heartbeat #3]
[2026-09-02T18:55:14.923+00:00][B] [INFO] Sent
[2026-09-02T18:55:14.923+00:00][B] [INFO] Waiting ACK...
[2026-09-02T18:55:14.924+00:00][B] [INFO] [WAITING ACK]
[2026-09-02T18:55:14.935+00:00][B] [INFO] [RF TX] type=2 source=0x02 destination=0xFF previousHop=0x02 sequence=2 ackSequence=0 ttl=8 hops=0 payloadSize=13 rssi=0 snr=0.00
[2026-09-02T18:55:14.937+00:00][B] [INFO] Heartbeat packet sent
[2026-09-02T18:55:15.812+00:00][B] [INFO] --------------------------------
[2026-09-02T18:55:15.812+00:00][B] [INFO] [HEARTBEAT TX]
[2026-09-02T18:55:15.817+00:00][B] [INFO] Node ID: 2
[2026-09-02T18:55:15.817+00:00][B] [INFO] type: 2
[2026-09-02T18:55:15.817+00:00][B] [INFO] Destination: 0xFF
[2026-09-02T18:55:15.822+00:00][B] [INFO] Sequence: 3
[2026-09-02T18:55:15.822+00:00][B] [INFO] Packet ID: 4
[2026-09-02T18:55:15.823+00:00][B] [INFO] Packet Size: 26
[2026-09-02T18:55:15.828+00:00][B] [INFO] Timestamp: 4 ms
[2026-09-02T18:55:15.829+00:00][B] [INFO] Transmission Result: success
[2026-09-02T18:55:15.834+00:00][B] [INFO] --------------------------------
[2026-09-02T18:55:15.834+00:00][B] [INFO] [Heartbeat #4]
[2026-09-02T18:55:15.839+00:00][B] [INFO] Sent
[2026-09-02T18:55:15.839+00:00][B] [INFO] Waiting ACK...
[2026-09-02T18:55:15.839+00:00][B] [INFO] [WAITING ACK]
[2026-09-02T18:55:15.851+00:00][B] [INFO] [RF TX] type=2 source=0x02 destination=0xFF previousHop=0x02 sequence=3 ackSequence=0 ttl=8 hops=0 payloadSize=13 rssi=0 snr=0.00
[2026-09-02T18:55:15.853+00:00][B] [INFO] Heartbeat packet sent
[2026-09-02T18:55:16.829+00:00][B] [WARN] Retry 1
[2026-09-02T18:55:16.896+00:00][B] [INFO] --------------------------------
[2026-09-02T18:55:16.897+00:00][B] [INFO] [HEARTBEAT TX]
[2026-09-02T18:55:16.901+00:00][B] [INFO] Node ID: 2
[2026-09-02T18:55:16.901+00:00][B] [INFO] type: 2
[2026-09-02T18:55:16.903+00:00][B] [INFO] Destination: 0xFF
[2026-09-02T18:55:16.907+00:00][B] [INFO] Sequence: 3
[2026-09-02T18:55:16.908+00:00][B] [INFO] Packet ID: 4
[2026-09-02T18:55:16.908+00:00][B] [INFO] Packet Size: 26
[2026-09-02T18:55:16.915+00:00][B] [INFO] Timestamp: 4 ms
[2026-09-02T18:55:16.915+00:00][B] [INFO] Transmission Result: success
[2026-09-02T18:55:16.917+00:00][B] [INFO] --------------------------------
[2026-09-02T18:55:16.918+00:00][B] [INFO] [Heartbeat #4]
[2026-09-02T18:55:16.923+00:00][B] [INFO] Sent
[2026-09-02T18:55:16.923+00:00][B] [INFO] Waiting ACK...
[2026-09-02T18:55:16.923+00:00][B] [INFO] [WAITING ACK]
[2026-09-02T18:55:16.934+00:00][B] [INFO] [RF TX] type=2 source=0x02 destination=0xFF previousHop=0x02 sequence=3 ackSequence=0 ttl=8 hops=0 payloadSize=13 rssi=0 snr=0.00
[2026-09-02T18:55:16.937+00:00][B] [INFO] Heartbeat packet sent
[2026-09-02T18:55:17.811+00:00][B] [INFO] --------------------------------
[2026-09-02T18:55:17.811+00:00][B] [INFO] [HEARTBEAT TX]
[2026-09-02T18:55:17.817+00:00][B] [INFO] Node ID: 2
[2026-09-02T18:55:17.817+00:00][B] [INFO] type: 2
[2026-09-02T18:55:17.817+00:00][B] [INFO] Destination: 0xFF
[2026-09-02T18:55:17.822+00:00][B] [INFO] Sequence: 4
[2026-09-02T18:55:17.822+00:00][B] [INFO] Packet ID: 5
[2026-09-02T18:55:17.822+00:00][B] [INFO] Packet Size: 26
[2026-09-02T18:55:17.828+00:00][B] [INFO] Timestamp: 5 ms
[2026-09-02T18:55:17.828+00:00][B] [INFO] Transmission Result: success
[2026-09-02T18:55:17.833+00:00][B] [INFO] --------------------------------
[2026-09-02T18:55:17.833+00:00][B] [INFO] [Heartbeat #5]
[2026-09-02T18:55:17.839+00:00][B] [INFO] Sent
[2026-09-02T18:55:17.839+00:00][B] [INFO] Waiting ACK...
[2026-09-02T18:55:17.839+00:00][B] [INFO] [WAITING ACK]
[2026-09-02T18:55:17.850+00:00][B] [INFO] [RF TX] type=2 source=0x02 destination=0xFF previousHop=0x02 sequence=4 ackSequence=0 ttl=8 hops=0 payloadSize=13 rssi=0 snr=0.00
[2026-09-02T18:55:17.852+00:00][B] [INFO] Heartbeat packet sent
[2026-09-02T18:55:18.828+00:00][B] [WARN] Retry 1
[2026-09-02T18:55:18.896+00:00][B] [INFO] --------------------------------
[2026-09-02T18:55:18.896+00:00][B] [INFO] [HEARTBEAT TX]
[2026-09-02T18:55:18.901+00:00][B] [INFO] Node ID: 2
[2026-09-02T18:55:18.901+00:00][B] [INFO] type: 2
[2026-09-02T18:55:18.901+00:00][B] [INFO] Destination: 0xFF
[2026-09-02T18:55:18.907+00:00][B] [INFO] Sequence: 4
[2026-09-02T18:55:18.907+00:00][B] [INFO] Packet ID: 5
[2026-09-02T18:55:18.907+00:00][B] [INFO] Packet Size: 26
[2026-09-02T18:55:18.912+00:00][B] [INFO] Timestamp: 5 ms
[2026-09-02T18:55:18.912+00:00][B] [INFO] Transmission Result: success
[2026-09-02T18:55:18.918+00:00][B] [INFO] --------------------------------
[2026-09-02T18:55:18.918+00:00][B] [INFO] [Heartbeat #5]
[2026-09-02T18:55:18.923+00:00][B] [INFO] Sent
[2026-09-02T18:55:18.923+00:00][B] [INFO] Waiting ACK...
[2026-09-02T18:55:18.923+00:00][B] [INFO] [WAITING ACK]
[2026-09-02T18:55:18.935+00:00][B] [INFO] [RF TX] type=2 source=0x02 destination=0xFF previousHop=0x02 sequence=4 ackSequence=0 ttl=8 hops=0 payloadSize=13 rssi=0 snr=0.00
[2026-09-02T18:55:18.937+00:00][B] [INFO] Heartbeat packet sent
[2026-09-02T18:55:19.811+00:00][B] [INFO] --------------------------------
[2026-09-02T18:55:19.812+00:00][B] [INFO] [HEARTBEAT TX]
[2026-09-02T18:55:19.817+00:00][B] [INFO] Node ID: 2
[2026-09-02T18:55:19.817+00:00][B] [INFO] type: 2
[2026-09-02T18:55:19.817+00:00][B] [INFO] Destination: 0xFF
[2026-09-02T18:55:19.822+00:00][B] [INFO] Sequence: 5
[2026-09-02T18:55:19.822+00:00][B] [INFO] Packet ID: 6
[2026-09-02T18:55:19.822+00:00][B] [INFO] Packet Size: 26
[2026-09-02T18:55:19.828+00:00][B] [INFO] Timestamp: 6 ms
[2026-09-02T18:55:19.828+00:00][B] [INFO] Transmission Result: success
[2026-09-02T18:55:19.834+00:00][B] [INFO] --------------------------------
[2026-09-02T18:55:19.834+00:00][B] [INFO] [Heartbeat #6]
[2026-09-02T18:55:19.839+00:00][B] [INFO] Sent
[2026-09-02T18:55:19.839+00:00][B] [INFO] Waiting ACK...
[2026-09-02T18:55:19.839+00:00][B] [INFO] [WAITING ACK]
[2026-09-02T18:55:19.850+00:00][B] [INFO] [RF TX] type=2 source=0x02 destination=0xFF previousHop=0x02 sequence=5 ackSequence=0 ttl=8 hops=0 payloadSize=13 rssi=0 snr=0.00
[2026-09-02T18:55:19.852+00:00][B] [INFO] Heartbeat packet sent
[2026-09-02T18:55:20.828+00:00][B] [WARN] Retry 1
[2026-09-02T18:55:20.895+00:00][B] [INFO] --------------------------------
[2026-09-02T18:55:20.895+00:00][B] [INFO] [HEARTBEAT TX]
[2026-09-02T18:55:20.900+00:00][B] [INFO] Node ID: 2
[2026-09-02T18:55:20.901+00:00][B] [INFO] type: 2
[2026-09-02T18:55:20.901+00:00][B] [INFO] Destination: 0xFF
[2026-09-02T18:55:20.906+00:00][B] [INFO] Sequence: 5
[2026-09-02T18:55:20.906+00:00][B] [INFO] Packet ID: 6
[2026-09-02T18:55:20.907+00:00][B] [INFO] Packet Size: 26
[2026-09-02T18:55:20.912+00:00][B] [INFO] Timestamp: 6 ms
[2026-09-02T18:55:20.912+00:00][B] [INFO] Transmission Result: success
[2026-09-02T18:55:20.917+00:00][B] [INFO] --------------------------------
[2026-09-02T18:55:20.917+00:00][B] [INFO] [Heartbeat #6]
[2026-09-02T18:55:20.923+00:00][B] [INFO] Sent
[2026-09-02T18:55:20.923+00:00][B] [INFO] Waiting ACK...
[2026-09-02T18:55:20.923+00:00][B] [INFO] [WAITING ACK]
[2026-09-02T18:55:20.934+00:00][B] [INFO] [RF TX] type=2 source=0x02 destination=0xFF previousHop=0x02 sequence=5 ackSequence=0 ttl=8 hops=0 payloadSize=13 rssi=0 snr=0.00
[2026-09-02T18:55:20.937+00:00][B] [INFO] Heartbeat packet sent
[2026-09-02T18:55:21.811+00:00][B] [INFO] --------------------------------
[2026-09-02T18:55:21.811+00:00][B] [INFO] [HEARTBEAT TX]
[2026-09-02T18:55:21.817+00:00][B] [INFO] Node ID: 2
[2026-09-02T18:55:21.817+00:00][B] [INFO] type: 2
[2026-09-02T18:55:21.817+00:00][B] [INFO] Destination: 0xFF
[2026-09-02T18:55:21.822+00:00][B] [INFO] Sequence: 6
[2026-09-02T18:55:21.822+00:00][B] [INFO] Packet ID: 7
[2026-09-02T18:55:21.822+00:00][B] [INFO] Packet Size: 26
[2026-09-02T18:55:21.828+00:00][B] [INFO] Timestamp: 7 ms
[2026-09-02T18:55:21.828+00:00][B] [INFO] Transmission Result: success
[2026-09-02T18:55:21.833+00:00][B] [INFO] --------------------------------
[2026-09-02T18:55:21.834+00:00][B] [INFO] [Heartbeat #7]
[2026-09-02T18:55:21.839+00:00][B] [INFO] Sent
[2026-09-02T18:55:21.839+00:00][B] [INFO] Waiting ACK...
[2026-09-02T18:55:21.839+00:00][B] [INFO] [WAITING ACK]
[2026-09-02T18:55:21.850+00:00][B] [INFO] [RF TX] type=2 source=0x02 destination=0xFF previousHop=0x02 sequence=6 ackSequence=0 ttl=8 hops=0 payloadSize=13 rssi=0 snr=0.00
[2026-09-02T18:55:21.853+00:00][B] [INFO] Heartbeat packet sent
[2026-09-02T18:55:22.828+00:00][B] [WARN] Retry 1
[2026-09-02T18:55:22.895+00:00][B] [INFO] --------------------------------
[2026-09-02T18:55:22.896+00:00][B] [INFO] [HEARTBEAT TX]
[2026-09-02T18:55:22.901+00:00][B] [INFO] Node ID: 2
[2026-09-02T18:55:22.901+00:00][B] [INFO] type: 2
[2026-09-02T18:55:22.901+00:00][B] [INFO] Destination: 0xFF
[2026-09-02T18:55:22.906+00:00][B] [INFO] Sequence: 6
[2026-09-02T18:55:22.906+00:00][B] [INFO] Packet ID: 7
[2026-09-02T18:55:22.907+00:00][B] [INFO] Packet Size: 26
[2026-09-02T18:55:22.912+00:00][B] [INFO] Timestamp: 7 ms
[2026-09-02T18:55:22.912+00:00][B] [INFO] Transmission Result: success
[2026-09-02T18:55:22.917+00:00][B] [INFO] --------------------------------
[2026-09-02T18:55:22.918+00:00][B] [INFO] [Heartbeat #7]
[2026-09-02T18:55:22.923+00:00][B] [INFO] Sent
[2026-09-02T18:55:22.923+00:00][B] [INFO] Waiting ACK...
[2026-09-02T18:55:22.923+00:00][B] [INFO] [WAITING ACK]
[2026-09-02T18:55:22.934+00:00][B] [INFO] [RF TX] type=2 source=0x02 destination=0xFF previousHop=0x02 sequence=6 ackSequence=0 ttl=8 hops=0 payloadSize=13 rssi=0 snr=0.00
[2026-09-02T18:55:22.937+00:00][B] [INFO] Heartbeat packet sent
[2026-09-02T18:55:23.811+00:00][B] [INFO] --------------------------------
[2026-09-02T18:55:23.812+00:00][B] [INFO] [HEARTBEAT TX]
[2026-09-02T18:55:23.817+00:00][B] [INFO] Node ID: 2
[2026-09-02T18:55:23.817+00:00][B] [INFO] type: 2
[2026-09-02T18:55:23.817+00:00][B] [INFO] Destination: 0xFF
[2026-09-02T18:55:23.822+00:00][B] [INFO] Sequence: 7
[2026-09-02T18:55:23.822+00:00][B] [INFO] Packet ID: 8
[2026-09-02T18:55:23.823+00:00][B] [INFO] Packet Size: 26
[2026-09-02T18:55:23.828+00:00][B] [INFO] Timestamp: 8 ms
[2026-09-02T18:55:23.828+00:00][B] [INFO] Transmission Result: success
[2026-09-02T18:55:23.833+00:00][B] [INFO] --------------------------------
[2026-09-02T18:55:23.834+00:00][B] [INFO] [Heartbeat #8]
[2026-09-02T18:55:23.839+00:00][B] [INFO] Sent
[2026-09-02T18:55:23.839+00:00][B] [INFO] Waiting ACK...
[2026-09-02T18:55:23.839+00:00][B] [INFO] [WAITING ACK]
[2026-09-02T18:55:23.850+00:00][B] [INFO] [RF TX] type=2 source=0x02 destination=0xFF previousHop=0x02 sequence=7 ackSequence=0 ttl=8 hops=0 payloadSize=13 rssi=0 snr=0.00
[2026-09-02T18:55:23.853+00:00][B] [INFO] Heartbeat packet sent
[2026-09-02T18:55:24.828+00:00][B] [WARN] Retry 1
[2026-09-02T18:55:24.895+00:00][B] [INFO] --------------------------------
[2026-09-02T18:55:24.896+00:00][B] [INFO] [HEARTBEAT TX]
[2026-09-02T18:55:24.901+00:00][B] [INFO] Node ID: 2
[2026-09-02T18:55:24.901+00:00][B] [INFO] type: 2
[2026-09-02T18:55:24.901+00:00][B] [INFO] Destination: 0xFF
[2026-09-02T18:55:24.906+00:00][B] [INFO] Sequence: 7
[2026-09-02T18:55:24.906+00:00][B] [INFO] Packet ID: 8
[2026-09-02T18:55:24.907+00:00][B] [INFO] Packet Size: 26
[2026-09-02T18:55:24.912+00:00][B] [INFO] Timestamp: 8 ms
[2026-09-02T18:55:24.912+00:00][B] [INFO] Transmission Result: success
[2026-09-02T18:55:24.917+00:00][B] [INFO] --------------------------------
[2026-09-02T18:55:24.918+00:00][B] [INFO] [Heartbeat #8]
[2026-09-02T18:55:24.923+00:00][B] [INFO] Sent
[2026-09-02T18:55:24.923+00:00][B] [INFO] Waiting ACK...
[2026-09-02T18:55:24.923+00:00][B] [INFO] [WAITING ACK]
[2026-09-02T18:55:24.934+00:00][B] [INFO] [RF TX] type=2 source=0x02 destination=0xFF previousHop=0x02 sequence=7 ackSequence=0 ttl=8 hops=0 payloadSize=13 rssi=0 snr=0.00
[2026-09-02T18:55:24.937+00:00][B] [INFO] Heartbeat packet sent
[2026-09-02T18:55:25.811+00:00][B] [INFO] --------------------------------
[2026-09-02T18:55:25.812+00:00][B] [INFO] [HEARTBEAT TX]
[2026-09-02T18:55:25.816+00:00][B] [INFO] Node ID: 2
[2026-09-02T18:55:25.817+00:00][B] [INFO] type: 2
[2026-09-02T18:55:25.817+00:00][B] [INFO] Destination: 0xFF
[2026-09-02T18:55:25.822+00:00][B] [INFO] Sequence: 8
[2026-09-02T18:55:25.822+00:00][B] [INFO] Packet ID: 9
[2026-09-02T18:55:25.823+00:00][B] [INFO] Packet Size: 26
[2026-09-02T18:55:25.828+00:00][B] [INFO] Timestamp: 9 ms
[2026-09-02T18:55:25.828+00:00][B] [INFO] Transmission Result: success
[2026-09-02T18:55:25.833+00:00][B] [INFO] --------------------------------
[2026-09-02T18:55:25.834+00:00][B] [INFO] [Heartbeat #9]
[2026-09-02T18:55:25.839+00:00][B] [INFO] Sent
[2026-09-02T18:55:25.839+00:00][B] [INFO] Waiting ACK...
[2026-09-02T18:55:25.839+00:00][B] [INFO] [WAITING ACK]
[2026-09-02T18:55:25.850+00:00][B] [INFO] [RF TX] type=2 source=0x02 destination=0xFF previousHop=0x02 sequence=8 ackSequence=0 ttl=8 hops=0 payloadSize=13 rssi=0 snr=0.00
[2026-09-02T18:55:25.853+00:00][B] [INFO] Heartbeat packet sent
[2026-09-02T18:55:26.828+00:00][B] [WARN] Retry 1
[2026-09-02T18:55:26.895+00:00][B] [INFO] --------------------------------
[2026-09-02T18:55:26.896+00:00][B] [INFO] [HEARTBEAT TX]
[2026-09-02T18:55:26.901+00:00][B] [INFO] Node ID: 2
[2026-09-02T18:55:26.901+00:00][B] [INFO] type: 2
[2026-09-02T18:55:26.901+00:00][B] [INFO] Destination: 0xFF
[2026-09-02T18:55:26.906+00:00][B] [INFO] Sequence: 8
[2026-09-02T18:55:26.906+00:00][B] [INFO] Packet ID: 9
[2026-09-02T18:55:26.907+00:00][B] [INFO] Packet Size: 26
[2026-09-02T18:55:26.912+00:00][B] [INFO] Timestamp: 9 ms
[2026-09-02T18:55:26.912+00:00][B] [INFO] Transmission Result: success
[2026-09-02T18:55:26.917+00:00][B] [INFO] --------------------------------
[2026-09-02T18:55:26.918+00:00][B] [INFO] [Heartbeat #9]
[2026-09-02T18:55:26.923+00:00][B] [INFO] Sent
[2026-09-02T18:55:26.923+00:00][B] [INFO] Waiting ACK...
[2026-09-02T18:55:26.923+00:00][B] [INFO] [WAITING ACK]
[2026-09-02T18:55:26.934+00:00][B] [INFO] [RF TX] type=2 source=0x02 destination=0xFF previousHop=0x02 sequence=8 ackSequence=0 ttl=8 hops=0 payloadSize=13 rssi=0 snr=0.00
[2026-09-02T18:55:26.937+00:00][B] [INFO] Heartbeat packet sent
[2026-09-02T18:55:27.811+00:00][B] [INFO] --------------------------------
[2026-09-02T18:55:27.812+00:00][B] [INFO] [HEARTBEAT TX]
[2026-09-02T18:55:27.816+00:00][B] [INFO] Node ID: 2
[2026-09-02T18:55:27.816+00:00][B] [INFO] type: 2
[2026-09-02T18:55:27.817+00:00][B] [INFO] Destination: 0xFF
[2026-09-02T18:55:27.822+00:00][B] [INFO] Sequence: 9
[2026-09-02T18:55:27.822+00:00][B] [INFO] Packet ID: 10
[2026-09-02T18:55:27.823+00:00][B] [INFO] Packet Size: 26
[2026-09-02T18:55:27.828+00:00][B] [INFO] Timestamp: 10 ms
[2026-09-02T18:55:27.828+00:00][B] [INFO] Transmission Result: success
[2026-09-02T18:55:27.833+00:00][B] [INFO] --------------------------------
[2026-09-02T18:55:27.833+00:00][B] [INFO] [Heartbeat #10]
[2026-09-02T18:55:27.839+00:00][B] [INFO] Sent
[2026-09-02T18:55:27.839+00:00][B] [INFO] Waiting ACK...
[2026-09-02T18:55:27.839+00:00][B] [INFO] [WAITING ACK]
[2026-09-02T18:55:27.853+00:00][B] [INFO] [RF TX] type=2 source=0x02 destination=0xFF previousHop=0x02 sequence=9 ackSequence=0 ttl=8 hops=0 payloadSize=13 rssi=0 snr=0.00
[2026-09-02T18:55:27.853+00:00][B] [INFO] Heartbeat packet sent
[2026-09-02T18:55:28.828+00:00][B] [WARN] Retry 1
[2026-09-02T18:55:28.895+00:00][B] [INFO] --------------------------------
[2026-09-02T18:55:28.895+00:00][B] [INFO] [HEARTBEAT TX]
[2026-09-02T18:55:28.900+00:00][B] [INFO] Node ID: 2
[2026-09-02T18:55:28.901+00:00][B] [INFO] type: 2
[2026-09-02T18:55:28.901+00:00][B] [INFO] Destination: 0xFF
[2026-09-02T18:55:28.906+00:00][B] [INFO] Sequence: 9
[2026-09-02T18:55:28.906+00:00][B] [INFO] Packet ID: 10
[2026-09-02T18:55:28.906+00:00][B] [INFO] Packet Size: 26
[2026-09-02T18:55:28.912+00:00][B] [INFO] Timestamp: 10 ms
[2026-09-02T18:55:28.912+00:00][B] [INFO] Transmission Result: success
[2026-09-02T18:55:28.917+00:00][B] [INFO] --------------------------------
[2026-09-02T18:55:28.918+00:00][B] [INFO] [Heartbeat #10]
[2026-09-02T18:55:28.923+00:00][B] [INFO] Sent
[2026-09-02T18:55:28.923+00:00][B] [INFO] Waiting ACK...
[2026-09-02T18:55:28.923+00:00][B] [INFO] [WAITING ACK]
[2026-09-02T18:55:28.937+00:00][B] [INFO] [RF TX] type=2 source=0x02 destination=0xFF previousHop=0x02 sequence=9 ackSequence=0 ttl=8 hops=0 payloadSize=13 rssi=0 snr=0.00
[2026-09-02T18:55:28.937+00:00][B] [INFO] Heartbeat packet sent
[2026-09-02T18:55:29.811+00:00][B] [INFO] --------------------------------
[2026-09-02T18:55:29.812+00:00][B] [INFO] [HEARTBEAT TX]
[2026-09-02T18:55:29.817+00:00][B] [INFO] Node ID: 2
[2026-09-02T18:55:29.817+00:00][B] [INFO] type: 2
[2026-09-02T18:55:29.817+00:00][B] [INFO] Destination: 0xFF
[2026-09-02T18:55:29.822+00:00][B] [INFO] Sequence: 10
[2026-09-02T18:55:29.822+00:00][B] [INFO] Packet ID: 11
[2026-09-02T18:55:29.823+00:00][B] [INFO] Packet Size: 26
[2026-09-02T18:55:29.828+00:00][B] [INFO] Timestamp: 11 ms
[2026-09-02T18:55:29.828+00:00][B] [INFO] Transmission Result: success
[2026-09-02T18:55:29.833+00:00][B] [INFO] --------------------------------
[2026-09-02T18:55:29.834+00:00][B] [INFO] [Heartbeat #11]
[2026-09-02T18:55:29.839+00:00][B] [INFO] Sent
[2026-09-02T18:55:29.839+00:00][B] [INFO] Waiting ACK...
[2026-09-02T18:55:29.839+00:00][B] [INFO] [WAITING ACK]
[2026-09-02T18:55:29.853+00:00][B] [INFO] [RF TX] type=2 source=0x02 destination=0xFF previousHop=0x02 sequence=10 ackSequence=0 ttl=8 hops=0 payloadSize=13 rssi=0 snr=0.00
[2026-09-02T18:55:29.853+00:00][B] [INFO] Heartbeat packet sent
[2026-09-02T18:55:30.828+00:00][B] [WARN] Retry 1
[2026-09-02T18:55:30.896+00:00][B] [INFO] --------------------------------
[2026-09-02T18:55:30.896+00:00][B] [INFO] [HEARTBEAT TX]
[2026-09-02T18:55:30.901+00:00][B] [INFO] Node ID: 2
[2026-09-02T18:55:30.901+00:00][B] [INFO] type: 2
[2026-09-02T18:55:30.901+00:00][B] [INFO] Destination: 0xFF
[2026-09-02T18:55:30.906+00:00][B] [INFO] Sequence: 10
[2026-09-02T18:55:30.906+00:00][B] [INFO] Packet ID: 11
[2026-09-02T18:55:30.907+00:00][B] [INFO] Packet Size: 26
[2026-09-02T18:55:30.912+00:00][B] [INFO] Timestamp: 11 ms
[2026-09-02T18:55:30.912+00:00][B] [INFO] Transmission Result: success
[2026-09-02T18:55:30.917+00:00][B] [INFO] --------------------------------
[2026-09-02T18:55:30.918+00:00][B] [INFO] [Heartbeat #11]
[2026-09-02T18:55:30.923+00:00][B] [INFO] Sent
[2026-09-02T18:55:30.923+00:00][B] [INFO] Waiting ACK...
[2026-09-02T18:55:30.923+00:00][B] [INFO] [WAITING ACK]
[2026-09-02T18:55:30.937+00:00][B] [INFO] [RF TX] type=2 source=0x02 destination=0xFF previousHop=0x02 sequence=10 ackSequence=0 ttl=8 hops=0 payloadSize=13 rssi=0 snr=0.00
[2026-09-02T18:55:30.937+00:00][B] [INFO] Heartbeat packet sent
[2026-09-02T18:55:31.811+00:00][B] [INFO] --------------------------------
[2026-09-02T18:55:31.811+00:00][B] [INFO] [HEARTBEAT TX]
[2026-09-02T18:55:31.816+00:00][B] [INFO] Node ID: 2
[2026-09-02T18:55:31.817+00:00][B] [INFO] type: 2
[2026-09-02T18:55:31.817+00:00][B] [INFO] Destination: 0xFF
[2026-09-02T18:55:31.822+00:00][B] [INFO] Sequence: 11
[2026-09-02T18:55:31.823+00:00][B] [INFO] Packet ID: 12
[2026-09-02T18:55:31.823+00:00][B] [INFO] Packet Size: 26
[2026-09-02T18:55:31.827+00:00][B] [INFO] Timestamp: 12 ms
[2026-09-02T18:55:31.828+00:00][B] [INFO] Transmission Result: success
[2026-09-02T18:55:31.833+00:00][B] [INFO] --------------------------------
[2026-09-02T18:55:31.834+00:00][B] [INFO] [Heartbeat #12]
[2026-09-02T18:55:31.838+00:00][B] [INFO] Sent
[2026-09-02T18:55:31.839+00:00][B] [INFO] Waiting ACK...
[2026-09-02T18:55:31.839+00:00][B] [INFO] [WAITING ACK]
[2026-09-02T18:55:31.853+00:00][B] [INFO] [RF TX] type=2 source=0x02 destination=0xFF previousHop=0x02 sequence=11 ackSequence=0 ttl=8 hops=0 payloadSize=13 rssi=0 snr=0.00
[2026-09-02T18:55:31.853+00:00][B] [INFO] Heartbeat packet sent
[2026-09-02T18:55:32.828+00:00][B] [WARN] Retry 1
[2026-09-02T18:55:32.895+00:00][B] [INFO] --------------------------------
[2026-09-02T18:55:32.896+00:00][B] [INFO] [HEARTBEAT TX]
[2026-09-02T18:55:32.901+00:00][B] [INFO] Node ID: 2
[2026-09-02T18:55:32.901+00:00][B] [INFO] type: 2
[2026-09-02T18:55:32.901+00:00][B] [INFO] Destination: 0xFF
[2026-09-02T18:55:32.906+00:00][B] [INFO] Sequence: 11
[2026-09-02T18:55:32.907+00:00][B] [INFO] Packet ID: 12
[2026-09-02T18:55:32.907+00:00][B] [INFO] Packet Size: 26
[2026-09-02T18:55:32.912+00:00][B] [INFO] Timestamp: 12 ms
[2026-09-02T18:55:32.912+00:00][B] [INFO] Transmission Result: success
[2026-09-02T18:55:32.917+00:00][B] [INFO] --------------------------------
[2026-09-02T18:55:32.918+00:00][B] [INFO] [Heartbeat #12]
[2026-09-02T18:55:32.923+00:00][B] [INFO] Sent
[2026-09-02T18:55:32.923+00:00][B] [INFO] Waiting ACK...
[2026-09-02T18:55:32.923+00:00][B] [INFO] [WAITING ACK]
[2026-09-02T18:55:32.937+00:00][B] [INFO] [RF TX] type=2 source=0x02 destination=0xFF previousHop=0x02 sequence=11 ackSequence=0 ttl=8 hops=0 payloadSize=13 rssi=0 snr=0.00
[2026-09-02T18:55:32.937+00:00][B] [INFO] Heartbeat packet sent
[2026-09-02T18:55:33.811+00:00][B] [INFO] --------------------------------
[2026-09-02T18:55:33.812+00:00][B] [INFO] [HEARTBEAT TX]
[2026-09-02T18:55:33.816+00:00][B] [INFO] Node ID: 2
[2026-09-02T18:55:33.817+00:00][B] [INFO] type: 2
[2026-09-02T18:55:33.817+00:00][B] [INFO] Destination: 0xFF
[2026-09-02T18:55:33.822+00:00][B] [INFO] Sequence: 12
[2026-09-02T18:55:33.822+00:00][B] [INFO] Packet ID: 13
[2026-09-02T18:55:33.823+00:00][B] [INFO] Packet Size: 26
[2026-09-02T18:55:33.827+00:00][B] [INFO] Timestamp: 13 ms
[2026-09-02T18:55:33.828+00:00][B] [INFO] Transmission Result: success
[2026-09-02T18:55:33.833+00:00][B] [INFO] --------------------------------
[2026-09-02T18:55:33.834+00:00][B] [INFO] [Heartbeat #13]
[2026-09-02T18:55:33.838+00:00][B] [INFO] Sent
[2026-09-02T18:55:33.839+00:00][B] [INFO] Waiting ACK...
[2026-09-02T18:55:33.839+00:00][B] [INFO] [WAITING ACK]
[2026-09-02T18:55:33.853+00:00][B] [INFO] [RF TX] type=2 source=0x02 destination=0xFF previousHop=0x02 sequence=12 ackSequence=0 ttl=8 hops=0 payloadSize=13 rssi=0 snr=0.00
[2026-09-02T18:55:33.854+00:00][B] [INFO] Heartbeat packet sent
[2026-09-02T18:55:34.828+00:00][B] [WARN] Retry 1
[2026-09-02T18:55:34.895+00:00][B] [INFO] --------------------------------
[2026-09-02T18:55:34.896+00:00][B] [INFO] [HEARTBEAT TX]
[2026-09-02T18:55:34.900+00:00][B] [INFO] Node ID: 2
[2026-09-02T18:55:34.901+00:00][B] [INFO] type: 2
[2026-09-02T18:55:34.901+00:00][B] [INFO] Destination: 0xFF
[2026-09-02T18:55:34.906+00:00][B] [INFO] Sequence: 12
[2026-09-02T18:55:34.906+00:00][B] [INFO] Packet ID: 13
[2026-09-02T18:55:34.907+00:00][B] [INFO] Packet Size: 26
[2026-09-02T18:55:34.912+00:00][B] [INFO] Timestamp: 13 ms
[2026-09-02T18:55:34.912+00:00][B] [INFO] Transmission Result: success
[2026-09-02T18:55:34.917+00:00][B] [INFO] --------------------------------
[2026-09-02T18:55:34.918+00:00][B] [INFO] [Heartbeat #13]
[2026-09-02T18:55:34.923+00:00][B] [INFO] Sent
[2026-09-02T18:55:34.923+00:00][B] [INFO] Waiting ACK...
[2026-09-02T18:55:34.923+00:00][B] [INFO] [WAITING ACK]
[2026-09-02T18:55:34.937+00:00][B] [INFO] [RF TX] type=2 source=0x02 destination=0xFF previousHop=0x02 sequence=12 ackSequence=0 ttl=8 hops=0 payloadSize=13 rssi=0 snr=0.00
[2026-09-02T18:55:34.937+00:00][B] [INFO] Heartbeat packet sent
[2026-09-02T18:55:35.811+00:00][B] [INFO] --------------------------------
[2026-09-02T18:55:35.811+00:00][B] [INFO] [HEARTBEAT TX]
[2026-09-02T18:55:35.816+00:00][B] [INFO] Node ID: 2
[2026-09-02T18:55:35.817+00:00][B] [INFO] type: 2
[2026-09-02T18:55:35.817+00:00][B] [INFO] Destination: 0xFF
[2026-09-02T18:55:35.822+00:00][B] [INFO] Sequence: 13
[2026-09-02T18:55:35.822+00:00][B] [INFO] Packet ID: 14
[2026-09-02T18:55:35.822+00:00][B] [INFO] Packet Size: 26
[2026-09-02T18:55:35.827+00:00][B] [INFO] Timestamp: 14 ms
[2026-09-02T18:55:35.828+00:00][B] [INFO] Transmission Result: success
[2026-09-02T18:55:35.833+00:00][B] [INFO] --------------------------------
[2026-09-02T18:55:35.833+00:00][B] [INFO] [Heartbeat #14]
[2026-09-02T18:55:35.838+00:00][B] [INFO] Sent
[2026-09-02T18:55:35.839+00:00][B] [INFO] Waiting ACK...
[2026-09-02T18:55:35.839+00:00][B] [INFO] [WAITING ACK]
[2026-09-02T18:55:35.852+00:00][B] [INFO] [RF TX] type=2 source=0x02 destination=0xFF previousHop=0x02 sequence=13 ackSequence=0 ttl=8 hops=0 payloadSize=13 rssi=0 snr=0.00
[2026-09-02T18:55:35.853+00:00][B] [INFO] Heartbeat packet sent
[2026-09-02T18:55:36.828+00:00][B] [WARN] Retry 1
[2026-09-02T18:55:36.895+00:00][B] [INFO] --------------------------------
[2026-09-02T18:55:36.895+00:00][B] [INFO] [HEARTBEAT TX]
[2026-09-02T18:55:36.900+00:00][B] [INFO] Node ID: 2
[2026-09-02T18:55:36.900+00:00][B] [INFO] type: 2
[2026-09-02T18:55:36.900+00:00][B] [INFO] Destination: 0xFF
[2026-09-02T18:55:36.906+00:00][B] [INFO] Sequence: 13
[2026-09-02T18:55:36.906+00:00][B] [INFO] Packet ID: 14
[2026-09-02T18:55:36.906+00:00][B] [INFO] Packet Size: 26
[2026-09-02T18:55:36.911+00:00][B] [INFO] Timestamp: 14 ms
[2026-09-02T18:55:36.912+00:00][B] [INFO] Transmission Result: success
[2026-09-02T18:55:36.917+00:00][B] [INFO] --------------------------------
[2026-09-02T18:55:36.917+00:00][B] [INFO] [Heartbeat #14]
[2026-09-02T18:55:36.922+00:00][B] [INFO] Sent
[2026-09-02T18:55:36.923+00:00][B] [INFO] Waiting ACK...
[2026-09-02T18:55:36.923+00:00][B] [INFO] [WAITING ACK]
[2026-09-02T18:55:36.936+00:00][B] [INFO] [RF TX] type=2 source=0x02 destination=0xFF previousHop=0x02 sequence=13 ackSequence=0 ttl=8 hops=0 payloadSize=13 rssi=0 snr=0.00
[2026-09-02T18:55:36.937+00:00][B] [INFO] Heartbeat packet sent
